** Final POCL_DEBUG flags: 100000 
Workload size=64
[INFO]: [HW DRIVER] in [FILE] ventus.cpp,[LINE]25,[fn] vt_dev_open: vt_dev_open : hello world from ventus.cpp
spike device initialize: allocating local memory: to allocate at 0x70000000 with 268435456 bytes 
spike device initialize: allocating pc source memory: to allocate at 0x80000000 with 268435456 bytes 
Create context
Allocate device buffers
Create program from kernel source
### options: -DPOCL_DEVICE_ADDRESS_BITS=32 -D__USE_CLANG_OPENCL_C_H -xcl -Dinline= -I. -cl-kernel-arg-info  -D__ENDIAN_LITTLE__=1 -DCL_DEVICE_MAX_GLOBAL_VARIABLE_SIZE=0 -D__OPENCL_VERSION__=200 -cl-std=CL2.0 -D__OPENCL_C_VERSION__=200 -Dcl_khr_fp64=1 -D__opencl_c_generic_address_space=1 -D__opencl_c_named_address_space_builtins=1 -cl-ext=-all,+cl_khr_fp64,+__opencl_c_generic_address_space,+__opencl_c_named_address_space_builtins -fno-builtin -triple=riscv32 -target-cpu ventus-gpgpu user_options: 
### Triple: riscv32, CPU: ventus-gpgpu
Warning: the memory at  [0x90000000, 0x900000FF] has been realigned
to the 4 KiB page size: [0x90000000, 0x90000FFF]
Warning: the memory at  [0x90001000, 0x900010FF] has been realigned
to the 4 KiB page size: [0x90001000, 0x90001FFF]
[2024-04-10 08:25:33.327790015] POCL: in fn void pocl_ventus_run(void *, _cl_command_node *) at line 629:
  *** INFO ***  |    VENTUS |  Allocating kernel arg buffer entry:
Warning: the memory at  [0x90002000, 0x90002007] has been realigned
to the 4 KiB page size: [0x90002000, 0x90002FFF]
[2024-04-10 08:25:33.363712018] POCL: in fn void pocl_ventus_run(void *, _cl_command_node *) at line 683:
  *** INFO ***  |    VENTUS |  Kernel entry of "psorti" is : "0x800000b8"
[2024-04-10 08:25:34.284626738] POCL: in fn void pocl_ventus_run(void *, _cl_command_node *) at line 714:
  *** INFO ***  |    VENTUS |  Vmem file has been written to object.vmem
[2024-04-10 08:25:34.285448818] POCL: in fn void pocl_ventus_run(void *, _cl_command_node *) at line 766:
  *** INFO ***  |    VENTUS |  Preparing private memory of ventus:
[2024-04-10 08:25:34.285462975] POCL: in fn void pocl_ventus_run(void *, _cl_command_node *) at line 801:
  *** INFO ***  |    VENTUS |  Allocating metadata space:
Warning: the memory at  [0x90043000, 0x9004303F] has been realigned
to the 4 KiB page size: [0x90043000, 0x90043FFF]
[2024-04-10 08:25:34.285472038] POCL: in fn void pocl_ventus_run(void *, _cl_command_node *) at line 811:
  *** INFO ***  |    VENTUS |  kernel metadata has been written to 0x90043000
*** [0]: 0
*** [1]: 53
*** [2]: 58
*** [3]: 9
*** [4]: -48
*** [5]: -61
*** [6]: -17
*** [7]: 42
*** [8]: 63
*** [9]: 26
*** [10]: -34
*** [11]: -63
*** [12]: -34
*** [13]: 26
*** [14]: 63
*** [15]: 41
*** [16]: -18
*** [17]: -61
*** [18]: -48
*** [19]: 9
*** [20]: 58
*** [21]: 53
*** [22]: 0
*** [23]: -54
*** [24]: -57
*** [25]: -8
*** [26]: 48
*** [27]: 61
*** [28]: 17
*** [29]: -42
*** [30]: -63
*** [31]: -25
*** [32]: 35
*** [33]: 63
*** [34]: 33
*** [35]: -27
*** [36]: -63
*** [37]: -41
*** [38]: 18
*** [39]: 61
*** [40]: 47
*** [41]: -10
*** [42]: -58
*** [43]: -53
*** [44]: 1
*** [45]: 54
*** [46]: 57
*** [47]: 7
*** [48]: -49
*** [49]: -61
*** [50]: -16
*** [51]: 42
*** [52]: 63
*** [53]: 25
*** [54]: -35
*** [55]: -63
*** [56]: -33
*** [57]: 27
*** [58]: 63
*** [59]: 40
*** [60]: -19
*** [61]: -61
*** [62]: -47
*** [63]: 10
Upload source buffers
to allocate at 0x90000000 with 4096 bytes 
to copy to 0x90000000 with 256 bytes
Execute the kernel
to allocate at 0x90001000 with 4096 bytes 
notice that ventus hasn't support local buffer as argument yet.
to allocate at 0x90002000 with 4096 bytes 
to copy to 0x90002000 with 8 bytes
to allocate at 0x90003000 with 262144 bytes 
to allocate at 0x90043000 with 4096 bytes 
to copy to 0x90043000 with 64 bytes
arg gpgpu is numw:16,numt:4,numwg:1,kernelx:1,kernely:1,kernelz:1,ldssize:0x1000,pdssize:0x10000000,pdsbase:0x90003000,knlbase:0x90043000,currwgid:0
vaddr mem scope is -m0x70000000:0x90044000
src file is object.riscv, run log is written to object.riscv.log
spike -l --log-commits -p16 --isa rv32gcv_zfh --pc=0x80000000 -m0x70000000:0x90044000 --varch vlen:128,elen:32 --gpgpuarch numw:16,numt:4,numwg:1,kernelx:1,kernely:1,kernelz:1,ldssize:0x1000,pdssize:0x10000000,pdsbase:0x90003000,knlbase:0x90043000,currwgid:0 --log=object.riscv.log object.riscv 
Log file object.riscv.log renamed successfully to psorti_0.log.
Elapsed time: 1109 ms
Download destination buffer
to copy from 0x90001000 with 256 bytes
Verify result
*** [0]: -63
*** [1]: -63
*** [2]: -63
*** [3]: -63
*** [4]: -61
*** [5]: -61
*** [6]: -61
*** [7]: -61
*** [8]: -58
*** [9]: -57
*** [10]: -54
*** [11]: -53
*** [12]: -49
*** [13]: -48
*** [14]: -48
*** [15]: -47
*** [16]: -42
*** [17]: -41
*** [18]: -35
*** [19]: -34
*** [20]: -34
*** [21]: -33
*** [22]: -27
*** [23]: -25
*** [24]: -19
*** [25]: -18
*** [26]: -17
*** [27]: -16
*** [28]: -10
*** [29]: -8
*** [30]: 0
*** [31]: 0
*** [32]: 1
*** [33]: 7
*** [34]: 9
*** [35]: 9
*** [36]: 10
*** [37]: 17
*** [38]: 18
*** [39]: 25
*** [40]: 26
*** [41]: 26
*** [42]: 27
*** [43]: 33
*** [44]: 35
*** [45]: 40
*** [46]: 41
*** [47]: 42
*** [48]: 42
*** [49]: 47
*** [50]: 48
*** [51]: 53
*** [52]: 53
*** [53]: 54
*** [54]: 57
*** [55]: 58
*** [56]: 58
*** [57]: 61
*** [58]: 61
*** [59]: 63
*** [60]: 63
*** [61]: 63
*** [62]: 63
*** [63]: 63
PASSED!
