./bfs.out ../../data/bfs/graph64.txt -p 0 -d 0
** Final POCL_DEBUG flags: 100000 
Reading File
number of platforms:1
vendor is The pocl project
[INFO]: [HW DRIVER] in [FILE] ventus.cpp,[LINE]25,[fn] vt_dev_open: vt_dev_open : hello world from ventus.cpp
spike device initialize: allocating local memory: to allocate at 0x70000000 with 268435456 bytes 
spike device initialize: allocating pc source memory: to allocate at 0x80000000 with 268435456 bytes 
device number: 1
Creating GPU Context
### options: -DPOCL_DEVICE_ADDRESS_BITS=32 -D__USE_CLANG_OPENCL_C_H -xcl -Dinline= -I. -cl-kernel-arg-info  -D__ENDIAN_LITTLE__=1 -DCL_DEVICE_MAX_GLOBAL_VARIABLE_SIZE=0 -D__OPENCL_VERSION__=200 -cl-std=CL2.0 -D__OPENCL_C_VERSION__=200 -Dcl_khr_fp64=1 -D__opencl_c_generic_address_space=1 -D__opencl_c_named_address_space_builtins=1 -cl-ext=-all,+cl_khr_fp64,+__opencl_c_generic_address_space,+__opencl_c_named_address_space_builtins -fno-builtin -triple=riscv32 -target-cpu ventus-gpgpu user_options: 
### Triple: riscv32, CPU: ventus-gpgpu
Warning: the memory at  [0x90000000, 0x900001FF] has been realigned
to the 4 KiB page size: [0x90000000, 0x90000FFF]
Warning: the memory at  [0x90001000, 0x90001607] has been realigned
to the 4 KiB page size: [0x90001000, 0x90001FFF]
Warning: the memory at  [0x90002000, 0x9000203F] has been realigned
to the 4 KiB page size: [0x90002000, 0x90002FFF]
Warning: the memory at  [0x90003000, 0x9000303F] has been realigned
to the 4 KiB page size: [0x90003000, 0x90003FFF]
Warning: the memory at  [0x90004000, 0x9000403F] has been realigned
to the 4 KiB page size: [0x90004000, 0x90004FFF]
Warning: the memory at  [0x90005000, 0x900050FF] has been realigned
to the 4 KiB page size: [0x90005000, 0x90005FFF]
Warning: the memory at  [0x90006000, 0x90006000] has been realigned
to the 4 KiB page size: [0x90006000, 0x90006FFF]
[2024-04-18 08:46:48.102855753] POCL: in fn void pocl_ventus_run(void *, _cl_command_node *) at line 631:
  *** INFO ***  |    VENTUS |  Allocating kernel arg buffer entry:
Warning: the memory at  [0x90007000, 0x9000701B] has been realigned
to the 4 KiB page size: [0x90007000, 0x90007FFF]
[2024-04-18 08:46:48.133898291] POCL: in fn void pocl_ventus_run(void *, _cl_command_node *) at line 687:
  *** INFO ***  |    VENTUS |  Kernel entry of "BFS_1" is : "0x800000b8"
[2024-04-18 08:46:48.859892583] POCL: in fn void pocl_ventus_run(void *, _cl_command_node *) at line 720:
  *** INFO ***  |    VENTUS |  Vmem file has been written to object.vmem
[2024-04-18 08:46:48.860131317] POCL: in fn void pocl_ventus_run(void *, _cl_command_node *) at line 774:
  *** INFO ***  |    VENTUS |  Preparing private memory of ventus:
[2024-04-18 08:46:48.860143786] POCL: in fn void pocl_ventus_run(void *, _cl_command_node *) at line 809:
  *** INFO ***  |    VENTUS |  Allocating metadata space:
Warning: the memory at  [0x90048000, 0x9004803F] has been realigned
to the 4 KiB page size: [0x90048000, 0x90048FFF]
[2024-04-18 08:46:48.860151622] POCL: in fn void pocl_ventus_run(void *, _cl_command_node *) at line 819:
  *** INFO ***  |    VENTUS |  kernel metadata has been written to 0x90048000
[2024-04-18 08:46:48.874055838] POCL: in fn void pocl_ventus_run(void *, _cl_command_node *) at line 631:
  *** INFO ***  |    VENTUS |  Allocating kernel arg buffer entry:
Warning: the memory at  [0x90007000, 0x90007013] has been realigned
to the 4 KiB page size: [0x90007000, 0x90007FFF]
[2024-04-18 08:46:48.900041959] POCL: in fn void pocl_ventus_run(void *, _cl_command_node *) at line 687:
  *** INFO ***  |    VENTUS |  Kernel entry of "BFS_2" is : "0x800001ec"
[2024-04-18 08:46:49.642452606] POCL: in fn void pocl_ventus_run(void *, _cl_command_node *) at line 720:
  *** INFO ***  |    VENTUS |  Vmem file has been written to object.vmem
[2024-04-18 08:46:49.642635384] POCL: in fn void pocl_ventus_run(void *, _cl_command_node *) at line 774:
  *** INFO ***  |    VENTUS |  Preparing private memory of ventus:
[2024-04-18 08:46:49.642646137] POCL: in fn void pocl_ventus_run(void *, _cl_command_node *) at line 809:
  *** INFO ***  |    VENTUS |  Allocating metadata space:
Warning: the memory at  [0x90048000, 0x9004803F] has been realigned
to the 4 KiB page size: [0x90048000, 0x90048FFF]
[2024-04-18 08:46:49.642654688] POCL: in fn void pocl_ventus_run(void *, _cl_command_node *) at line 819:
  *** INFO ***  |    VENTUS |  kernel metadata has been written to 0x90048000
[2024-04-18 08:46:49.649619065] POCL: in fn void pocl_ventus_run(void *, _cl_command_node *) at line 631:
  *** INFO ***  |    VENTUS |  Allocating kernel arg buffer entry:
Warning: the memory at  [0x90007000, 0x9000701B] has been realigned
to the 4 KiB page size: [0x90007000, 0x90007FFF]
[2024-04-18 08:46:49.675253366] POCL: in fn void pocl_ventus_run(void *, _cl_command_node *) at line 687:
  *** INFO ***  |    VENTUS |  Kernel entry of "BFS_1" is : "0x800000b8"
[2024-04-18 08:46:50.470793318] POCL: in fn void pocl_ventus_run(void *, _cl_command_node *) at line 720:
  *** INFO ***  |    VENTUS |  Vmem file has been written to object.vmem
[2024-04-18 08:46:50.470974101] POCL: in fn void pocl_ventus_run(void *, _cl_command_node *) at line 774:
  *** INFO ***  |    VENTUS |  Preparing private memory of ventus:
[2024-04-18 08:46:50.470984615] POCL: in fn void pocl_ventus_run(void *, _cl_command_node *) at line 809:
  *** INFO ***  |    VENTUS |  Allocating metadata space:
Warning: the memory at  [0x90048000, 0x9004803F] has been realigned
to the 4 KiB page size: [0x90048000, 0x90048FFF]
[2024-04-18 08:46:50.470994124] POCL: in fn void pocl_ventus_run(void *, _cl_command_node *) at line 819:
  *** INFO ***  |    VENTUS |  kernel metadata has been written to 0x90048000
[2024-04-18 08:46:50.486741437] POCL: in fn void pocl_ventus_run(void *, _cl_command_node *) at line 631:
  *** INFO ***  |    VENTUS |  Allocating kernel arg buffer entry:
Warning: the memory at  [0x90007000, 0x90007013] has been realigned
to the 4 KiB page size: [0x90007000, 0x90007FFF]
[2024-04-18 08:46:50.508974490] POCL: in fn void pocl_ventus_run(void *, _cl_command_node *) at line 687:
  *** INFO ***  |    VENTUS |  Kernel entry of "BFS_2" is : "0x800001ec"
[2024-04-18 08:46:51.246889270] POCL: in fn void pocl_ventus_run(void *, _cl_command_node *) at line 720:
  *** INFO ***  |    VENTUS |  Vmem file has been written to object.vmem
[2024-04-18 08:46:51.247065502] POCL: in fn void pocl_ventus_run(void *, _cl_command_node *) at line 774:
  *** INFO ***  |    VENTUS |  Preparing private memory of ventus:
[2024-04-18 08:46:51.247076219] POCL: in fn void pocl_ventus_run(void *, _cl_command_node *) at line 809:
  *** INFO ***  |    VENTUS |  Allocating metadata space:
Warning: the memory at  [0x90048000, 0x9004803F] has been realigned
to the 4 KiB page size: [0x90048000, 0x90048FFF]
[2024-04-18 08:46:51.247084808] POCL: in fn void pocl_ventus_run(void *, _cl_command_node *) at line 819:
  *** INFO ***  |    VENTUS |  kernel metadata has been written to 0x90048000
to allocate at 0x90000000 with 4096 bytes 
to copy to 0x90000000 with 512 bytes
to allocate at 0x90001000 with 4096 bytes 
to copy to 0x90001000 with 1544 bytes
to allocate at 0x90002000 with 4096 bytes 
to copy to 0x90002000 with 64 bytes
to allocate at 0x90003000 with 4096 bytes 
to copy to 0x90003000 with 64 bytes
to allocate at 0x90004000 with 4096 bytes 
to copy to 0x90004000 with 64 bytes
to allocate at 0x90005000 with 4096 bytes 
to copy to 0x90005000 with 256 bytes
to allocate at 0x90006000 with 4096 bytes 
to copy to 0x90006000 with 1 bytes
notice that ventus hasn't support local buffer as argument yet.
to allocate at 0x90007000 with 4096 bytes 
to copy to 0x90007000 with 28 bytes
to allocate at 0x90008000 with 262144 bytes 
to allocate at 0x90048000 with 4096 bytes 
to copy to 0x90048000 with 64 bytes
arg gpgpu is numw:4,numt:16,numwg:1,kernelx:1,kernely:1,kernelz:1,ldssize:0x1000,pdssize:0x10000000,pdsbase:0x90008000,knlbase:0x90048000,currwgid:0
vaddr mem scope is -m0x70000000:0x90049000
src file is object.riscv, run log is written to object.riscv.log
spike -l --log-commits -p4 --isa rv32gcv_zfh --pc=0x80000000 -m0x70000000:0x90049000 --varch vlen:512,elen:32 --gpgpuarch numw:4,numt:16,numwg:1,kernelx:1,kernely:1,kernelz:1,ldssize:0x1000,pdssize:0x10000000,pdsbase:0x90008000,knlbase:0x90048000,currwgid:0 --log=object.riscv.log object.riscv 
Log file object.riscv.log renamed successfully to BFS_1_0.log.
notice that ventus hasn't support local buffer as argument yet.
to allocate at 0x90007000 with 4096 bytes 
to copy to 0x90007000 with 20 bytes
to allocate at 0x90008000 with 262144 bytes 
to allocate at 0x90048000 with 4096 bytes 
to copy to 0x90048000 with 64 bytes
arg gpgpu is numw:4,numt:16,numwg:1,kernelx:1,kernely:1,kernelz:1,ldssize:0x1000,pdssize:0x10000000,pdsbase:0x90008000,knlbase:0x90048000,currwgid:0
vaddr mem scope is -m0x70000000:0x90049000
src file is object.riscv, run log is written to object.riscv.log
spike -l --log-commits -p4 --isa rv32gcv_zfh --pc=0x80000000 -m0x70000000:0x90049000 --varch vlen:512,elen:32 --gpgpuarch numw:4,numt:16,numwg:1,kernelx:1,kernely:1,kernelz:1,ldssize:0x1000,pdssize:0x10000000,pdsbase:0x90008000,knlbase:0x90048000,currwgid:0 --log=object.riscv.log object.riscv 
Log file object.riscv.log renamed successfully to BFS_2_0.log.
to copy from 0x90006000 with 1 bytes
to copy to 0x90006000 with 1 bytes
notice that ventus hasn't support local buffer as argument yet.
to allocate at 0x90007000 with 4096 bytes 
to copy to 0x90007000 with 28 bytes
to allocate at 0x90008000 with 262144 bytes 
to allocate at 0x90048000 with 4096 bytes 
to copy to 0x90048000 with 64 bytes
arg gpgpu is numw:4,numt:16,numwg:1,kernelx:1,kernely:1,kernelz:1,ldssize:0x1000,pdssize:0x10000000,pdsbase:0x90008000,knlbase:0x90048000,currwgid:0
vaddr mem scope is -m0x70000000:0x90049000
src file is object.riscv, run log is written to object.riscv.log
spike -l --log-commits -p4 --isa rv32gcv_zfh --pc=0x80000000 -m0x70000000:0x90049000 --varch vlen:512,elen:32 --gpgpuarch numw:4,numt:16,numwg:1,kernelx:1,kernely:1,kernelz:1,ldssize:0x1000,pdssize:0x10000000,pdsbase:0x90008000,knlbase:0x90048000,currwgid:0 --log=object.riscv.log object.riscv 
Log file object.riscv.log renamed successfully to BFS_1_1.log.
notice that ventus hasn't support local buffer as argument yet.
to allocate at 0x90007000 with 4096 bytes 
to copy to 0x90007000 with 20 bytes
to allocate at 0x90008000 with 262144 bytes 
to allocate at 0x90048000 with 4096 bytes 
to copy to 0x90048000 with 64 bytes
arg gpgpu is numw:4,numt:16,numwg:1,kernelx:1,kernely:1,kernelz:1,ldssize:0x1000,pdssize:0x10000000,pdsbase:0x90008000,knlbase:0x90048000,currwgid:0
vaddr mem scope is -m0x70000000:0x90049000
src file is object.riscv, run log is written to object.riscv.log
spike -l --log-commits -p4 --isa rv32gcv_zfh --pc=0x80000000 -m0x70000000:0x90049000 --varch vlen:512,elen:32 --gpgpuarch numw:4,numt:16,numwg:1,kernelx:1,kernely:1,kernelz:1,ldssize:0x1000,pdssize:0x10000000,pdsbase:0x90008000,knlbase:0x90048000,currwgid:0 --log=object.riscv.log object.riscv 
Log[2024-04-18 08:46:51.254317437] POCL: in fn void pocl_ventus_run(void *, _cl_command_node *) at line 631:
  *** INFO ***  |    VENTUS |  Allocating kernel arg buffer entry:
Warning: the memory at  [0x90007000, 0x9000701B] has been realigned
to the 4 KiB page size: [0x90007000, 0x90007FFF]
[2024-04-18 08:46:51.287464805] POCL: in fn void pocl_ventus_run(void *, _cl_command_node *) at line 687:
  *** INFO ***  |    VENTUS |  Kernel entry of "BFS_1" is : "0x800000b8"
[2024-04-18 08:46:52.050486861] POCL: in fn void pocl_ventus_run(void *, _cl_command_node *) at line 720:
  *** INFO ***  |    VENTUS |  Vmem file has been written to object.vmem
[2024-04-18 08:46:52.050675689] POCL: in fn void pocl_ventus_run(void *, _cl_command_node *) at line 774:
  *** INFO ***  |    VENTUS |  Preparing private memory of ventus:
[2024-04-18 08:46:52.050689775] POCL: in fn void pocl_ventus_run(void *, _cl_command_node *) at line 809:
  *** INFO ***  |    VENTUS |  Allocating metadata space:
Warning: the memory at  [0x90048000, 0x9004803F] has been realigned
to the 4 KiB page size: [0x90048000, 0x90048FFF]
[2024-04-18 08:46:52.050697340] POCL: in fn void pocl_ventus_run(void *, _cl_command_node *) at line 819:
  *** INFO ***  |    VENTUS |  kernel metadata has been written to 0x90048000
[2024-04-18 08:46:52.064184986] POCL: in fn void pocl_ventus_run(void *, _cl_command_node *) at line 631:
  *** INFO ***  |    VENTUS |  Allocating kernel arg buffer entry:
Warning: the memory at  [0x90007000, 0x90007013] has been realigned
to the 4 KiB page size: [0x90007000, 0x90007FFF]
[2024-04-18 08:46:52.089211155] POCL: in fn void pocl_ventus_run(void *, _cl_command_node *) at line 687:
  *** INFO ***  |    VENTUS |  Kernel entry of "BFS_2" is : "0x800001ec"
[2024-04-18 08:46:52.878065148] POCL: in fn void pocl_ventus_run(void *, _cl_command_node *) at line 720:
  *** INFO ***  |    VENTUS |  Vmem file has been written to object.vmem
[2024-04-18 08:46:52.878757466] POCL: in fn void pocl_ventus_run(void *, _cl_command_node *) at line 774:
  *** INFO ***  |    VENTUS |  Preparing private memory of ventus:
[2024-04-18 08:46:52.878771387] POCL: in fn void pocl_ventus_run(void *, _cl_command_node *) at line 809:
  *** INFO ***  |    VENTUS |  Allocating metadata space:
Warning: the memory at  [0x90048000, 0x9004803F] has been realigned
to the 4 KiB page size: [0x90048000, 0x90048FFF]
[2024-04-18 08:46:52.878779879] POCL: in fn void pocl_ventus_run(void *, _cl_command_node *) at line 819:
  *** INFO ***  |    VENTUS |  kernel metadata has been written to 0x90048000
[2024-04-18 08:46:52.888051074] POCL: in fn void pocl_ventus_run(void *, _cl_command_node *) at line 631:
  *** INFO ***  |    VENTUS |  Allocating kernel arg buffer entry:
Warning: the memory at  [0x90007000, 0x9000701B] has been realigned
to the 4 KiB page size: [0x90007000, 0x90007FFF]
[2024-04-18 08:46:52.909312476] POCL: in fn void pocl_ventus_run(void *, _cl_command_node *) at line 687:
  *** INFO ***  |    VENTUS |  Kernel entry of "BFS_1" is : "0x800000b8"
[2024-04-18 08:46:53.676217822] POCL: in fn void pocl_ventus_run(void *, _cl_command_node *) at line 720:
  *** INFO ***  |    VENTUS |  Vmem file has been written to object.vmem
[2024-04-18 08:46:53.676399897] POCL: in fn void pocl_ventus_run(void *, _cl_command_node *) at line 774:
  *** INFO ***  |    VENTUS |  Preparing private memory of ventus:
[2024-04-18 08:46:53.676407260] POCL: in fn void pocl_ventus_run(void *, _cl_command_node *) at line 809:
  *** INFO ***  |    VENTUS |  Allocating metadata space:
Warning: the memory at  [0x90048000, 0x9004803F] has been realigned
to the 4 KiB page size: [0x90048000, 0x90048FFF]
[2024-04-18 08:46:53.676417090] POCL: in fn void pocl_ventus_run(void *, _cl_command_node *) at line 819:
  *** INFO ***  |    VENTUS |  kernel metadata has been written to 0x90048000
[2024-04-18 08:46:53.690045747] POCL: in fn void pocl_ventus_run(void *, _cl_command_node *) at line 631:
  *** INFO ***  |    VENTUS |  Allocating kernel arg buffer entry:
Warning: the memory at  [0x90007000, 0x90007013] has been realigned
to the 4 KiB page size: [0x90007000, 0x90007FFF]
[2024-04-18 08:46:53.720189772] POCL: in fn void pocl_ventus_run(void *, _cl_command_node *) at line 687:
  *** INFO ***  |    VENTUS |  Kernel entry of "BFS_2" is : "0x800001ec"
[2024-04-18 08:46:54.513360825] POCL: in fn void pocl_ventus_run(void *, _cl_command_node *) at line 720:
  *** INFO ***  |    VENTUS |  Vmem file has been written to object.vmem
[2024-04-18 08:46:54.513548590] POCL: in fn void pocl_ventus_run(void *, _cl_command_node *) at line 774:
  *** INFO ***  |    VENTUS |  Preparing private memory of ventus:
[2024-04-18 08:46:54.513555179] POCL: in fn void pocl_ventus_run(void *, _cl_command_node *) at line 809:
  *** INFO ***  |    VENTUS |  Allocating metadata space:
Warning: the memory at  [0x90048000, 0x9004803F] has been realigned
to the 4 KiB page size: [0x90048000, 0x90048FFF]
[2024-04-18 08:46:54.513563097] POCL: in fn void pocl_ventus_run(void *, _cl_command_node *) at line 819:
  *** INFO ***  |    VENTUS |  kernel metadata has been written to 0x90048000
[2024-04-18 08:46:54.520786646] POCL: in fn void pocl_ventus_run(void *, _cl_command_node *) at line 631:
  *** INFO ***  |    VENTUS |  Allocating kernel arg buffer entry:
Warning: the memory at  [0x90007000, 0x9000701B] has been realigned
to the 4 KiB page size: [0x90007000, 0x90007FFF]
[2024-04-18 08:46:54.547360672] POCL: in fn void pocl_ventus_run(void *, _cl_command_node *) at line 687:
  *** INFO ***  |    VENTUS |  Kernel entry of "BFS_1" is : "0x800000b8"
[2024-04-18 08:46:55.348816518] POCL: in fn void pocl_ventus_run(void *, _cl_command_node *) at line 720:
  *** INFO ***  |    VENTUS |  Vmem file has been written to object.vmem
[2024-04-18 08:46:55.348990207] POCL: in fn void pocl_ventus_run(void *, _cl_command_node *) at line 774:
  *** INFO ***  |    VENTUS |  Preparing private memory of ventus:
[2024-04-18 08:46:55.349000691] POCL: in fn void pocl_ventus_run(void *, _cl_command_node *) at line 809:
  *** INFO ***  |    VENTUS |  Allocating metadata space:
Warning: the memory at  [0x90048000, 0x9004803F] has been realigned
to the 4 KiB page size: [0x90048000, 0x90048FFF]
[2024-04-18 08:46:55.349008254] POCL: in fn void pocl_ventus_run(void *, _cl_command_node *) at line 819:
  *** INFO ***  |    VENTUS |  kernel metadata has been written to 0x90048000
 file object.riscv.log renamed successfully to BFS_2_1.log.
to copy from 0x90006000 with 1 bytes
to copy to 0x90006000 with 1 bytes
notice that ventus hasn't support local buffer as argument yet.
to allocate at 0x90007000 with 4096 bytes 
to copy to 0x90007000 with 28 bytes
to allocate at 0x90008000 with 262144 bytes 
to allocate at 0x90048000 with 4096 bytes 
to copy to 0x90048000 with 64 bytes
arg gpgpu is numw:4,numt:16,numwg:1,kernelx:1,kernely:1,kernelz:1,ldssize:0x1000,pdssize:0x10000000,pdsbase:0x90008000,knlbase:0x90048000,currwgid:0
vaddr mem scope is -m0x70000000:0x90049000
src file is object.riscv, run log is written to object.riscv.log
spike -l --log-commits -p4 --isa rv32gcv_zfh --pc=0x80000000 -m0x70000000:0x90049000 --varch vlen:512,elen:32 --gpgpuarch numw:4,numt:16,numwg:1,kernelx:1,kernely:1,kernelz:1,ldssize:0x1000,pdssize:0x10000000,pdsbase:0x90008000,knlbase:0x90048000,currwgid:0 --log=object.riscv.log object.riscv 
Log file object.riscv.log renamed successfully to BFS_1_2.log.
notice that ventus hasn't support local buffer as argument yet.
to allocate at 0x90007000 with 4096 bytes 
to copy to 0x90007000 with 20 bytes
to allocate at 0x90008000 with 262144 bytes 
to allocate at 0x90048000 with 4096 bytes 
to copy to 0x90048000 with 64 bytes
arg gpgpu is numw:4,numt:16,numwg:1,kernelx:1,kernely:1,kernelz:1,ldssize:0x1000,pdssize:0x10000000,pdsbase:0x90008000,knlbase:0x90048000,currwgid:0
vaddr mem scope is -m0x70000000:0x90049000
src file is object.riscv, run log is written to object.riscv.log
spike -l --log-commits -p4 --isa rv32gcv_zfh --pc=0x80000000 -m0x70000000:0x90049000 --varch vlen:512,elen:32 --gpgpuarch numw:4,numt:16,numwg:1,kernelx:1,kernely:1,kernelz:1,ldssize:0x1000,pdssize:0x10000000,pdsbase:0x90008000,knlbase:0x90048000,currwgid:0 --log=object.riscv.log object.riscv 
Log file object.riscv.log renamed successfully to BFS_2_2.log.
to copy from 0x90006000 with 1 bytes
to copy to 0x90006000 with 1 bytes
notice that ventus hasn't support local buffer as argument yet.
to allocate at 0x90007000 with 4096 bytes 
to copy to 0x90007000 with 28 bytes
to allocate at 0x90008000 with 262144 bytes 
to allocate at 0x90048000 with 4096 bytes 
to copy to 0x90048000 with 64 bytes
arg gpgpu is numw:4,numt:16,numwg:1,kernelx:1,kernely:1,kernelz:1,ldssize:0x1000,pdssize:0x10000000,pdsbase:0x90008000,knlbase:0x90048000,currwgid:0
vaddr mem scope is -m0x70000000:0x90049000
src file is object.riscv, run log is written to object.riscv.log
spike -l --log-commits -p4 --isa rv32gcv_zfh --pc=0x80000000 -m0x70000000:0x90049000 --varch vlen:512,elen:32 --gpgpuarch numw:4,numt:16,numwg:1,kernelx:1,kernely:1,kernelz:1,ldssize:0x1000,pdssize:0x10000000,pdsbase:0x90008000,knlbase:0x90048000,currwgid:0 --log=object.riscv.log object.riscv 
Log file object.riscv.log renamed successfully to BFS_1_3.log.
notice that ventus hasn't support local buffer as argument yet.
to allocate at 0x90007000 with 4096 bytes 
to copy to 0x90007000 with 20 bytes
to allocate at 0x90008000 with 262144 bytes 
to allocate at 0x90048000 with 4096 bytes 
to copy to 0x90048000 with 64 bytes
arg gpgpu is numw:4,numt:16,numwg:1,kernelx:1,kernely:1,kernelz:1,ldssize:0x1000,pdssize:0x10000000,pdsbase:0x90008000,knlbase:0x90048000,currwgid:0
vaddr mem scope is -m0x70000000:0x90049000
src file is object.riscv, run log is written to object.riscv.log
spike -l --log-commits -p4 --isa rv32gcv_zfh --pc=0x80000000 -m0x70000000:0x90049000 --varch vlen:512,elen:32 --gpgpuarch numw:4,numt:16,numwg:1,kernelx:1,kernely:1,kernelz:1,ldssize:0x1000,pdssize:0x10000000,pdsbase:0x90008000,knlbase:0x90048000,currwgid:0 --log=object.riscv.log object.riscv 
Log file object.riscv.log renamed successfully to BFS_2_3.log.
to copy from 0x90006000 with 1 bytes
to copy to 0x90006000 with 1 bytes
notice that ventus hasn't support local buffer as argument yet.
to allocate at 0x90007000 with 4096 bytes 
to copy to 0x90007000 with 28 bytes
to allocate at 0x90008000 with 262144 bytes 
to allocate at 0x90048000 with 4096 bytes 
to copy to 0x90048000 with 64 bytes
arg gpgpu is numw:4,numt:[2024-04-18 08:46:55.356238419] POCL: in fn void pocl_ventus_run(void *, _cl_command_node *) at line 631:
  *** INFO ***  |    VENTUS |  Allocating kernel arg buffer entry:
Warning: the memory at  [0x90007000, 0x90007013] has been realigned
to the 4 KiB page size: [0x90007000, 0x90007FFF]
[2024-04-18 08:46:55.377701992] POCL: in fn void pocl_ventus_run(void *, _cl_command_node *) at line 687:
  *** INFO ***  |    VENTUS |  Kernel entry of "BFS_2" is : "0x800001ec"
[2024-04-18 08:46:56.153159930] POCL: in fn void pocl_ventus_run(void *, _cl_command_node *) at line 720:
  *** INFO ***  |    VENTUS |  Vmem file has been written to object.vmem
[2024-04-18 08:46:56.153346853] POCL: in fn void pocl_ventus_run(void *, _cl_command_node *) at line 774:
  *** INFO ***  |    VENTUS |  Preparing private memory of ventus:
[2024-04-18 08:46:56.153357213] POCL: in fn void pocl_ventus_run(void *, _cl_command_node *) at line 809:
  *** INFO ***  |    VENTUS |  Allocating metadata space:
Warning: the memory at  [0x90048000, 0x9004803F] has been realigned
to the 4 KiB page size: [0x90048000, 0x90048FFF]
[2024-04-18 08:46:56.153365356] POCL: in fn void pocl_ventus_run(void *, _cl_command_node *) at line 819:
  *** INFO ***  |    VENTUS |  kernel metadata has been written to 0x90048000
16,numwg:1,kernelx:1,kernely:1,kernelz:1,ldssize:0x1000,pdssize:0x10000000,pdsbase:0x90008000,knlbase:0x90048000,currwgid:0
vaddr mem scope is -m0x70000000:0x90049000
src file is object.riscv, run log is written to object.riscv.log
spike -l --log-commits -p4 --isa rv32gcv_zfh --pc=0x80000000 -m0x70000000:0x90049000 --varch vlen:512,elen:32 --gpgpuarch numw:4,numt:16,numwg:1,kernelx:1,kernely:1,kernelz:1,ldssize:0x1000,pdssize:0x10000000,pdsbase:0x90008000,knlbase:0x90048000,currwgid:0 --log=object.riscv.log object.riscv 
Log file object.riscv.log renamed successfully to BFS_1_4.log.
notice that ventus hasn't support local buffer as argument yet.
to allocate at 0x90007000 with 4096 bytes 
to copy to 0x90007000 with 20 bytes
to allocate at 0x90008000 with 262144 bytes 
to allocate at 0x90048000 with 4096 bytes 
to copy to 0x90048000 with 64 bytes
arg gpgpu is numw:4,numt:16,numwg:1,kernelx:1,kernely:1,kernelz:1,ldssize:0x1000,pdssize:0x10000000,pdsbase:0x90008000,knlbase:0x90048000,currwgid:0
vaddr mem scope is -m0x70000000:0x90049000
src file is object.riscv, run log is written to object.riscv.log
spike -l --log-commits -p4 --isa rv32gcv_zfh --pc=0x80000000 -m0x70000000:0x90049000 --varch vlen:512,elen:32 --gpgpuarch numw:4,numt:16,numwg:1,kernelx:1,kernely:1,kernelz:1,ldssize:0x1000,pdssize:0x10000000,pdsbase:0x90008000,knlbase:0x90048000,currwgid:0 --log=object.riscv.log object.riscv 
Log file object.riscv.log renamed successfully to BFS_2_4.log.
to copy from 0x90006000 with 1 bytes
to copy from 0x90005000 with 256 bytes
Init: 352.714996
MemAlloc: 0.009000
HtoD: 0.044292
Exec: 8057.246582
DtoH: 0.042689
Close: 0.042000
Total: 8410.669922
cpu_results:  0 2 1 2 2 2 2 2 3 3 2 1 1 1 2 2 2 3 3 3 2 3 3 3 2 3 3 2 2 3 2 3 2 2 3 2 2 2 3 4 3 3 1 2 2 3 2 2 3 3 2 1 3 2 3 2 1 2 3 2 3 3 3 2
gpu_results:  0 2 1 2 2 2 2 2 3 3 2 1 1 1 2 2 2 3 3 3 2 3 3 3 2 3 3 2 2 3 2 3 2 2 3 2 2 2 3 4 3 3 1 2 2 3 2 2 3 3 2 1 3 2 3 2 1 2 3 2 3 3 3 2
--cambine:passed:-)
