** Final POCL_DEBUG flags: 100000 
Workload size=32
[INFO]: [HW DRIVER] in [FILE] ventus.cpp,[LINE]25,[fn] vt_dev_open: vt_dev_open : hello world from ventus.cpp
spike device initialize: allocating local memory: to allocate at 0x70000000 with 268435456 bytes 
spike device initialize: allocating pc source memory: to allocate at 0x80000000 with 268435456 bytes 
Create program from kernel source
### options: -DPOCL_DEVICE_ADDRESS_BITS=32 -D__USE_CLANG_OPENCL_C_H -xcl -Dinline= -I. -cl-kernel-arg-info  -D__ENDIAN_LITTLE__=1 -DCL_DEVICE_MAX_GLOBAL_VARIABLE_SIZE=0 -D__OPENCL_VERSION__=200 -cl-std=CL2.0 -D__OPENCL_C_VERSION__=200 -Dcl_khr_fp64=1 -D__opencl_c_generic_address_space=1 -D__opencl_c_named_address_space_builtins=1 -cl-ext=-all,+cl_khr_fp64,+__opencl_c_generic_address_space,+__opencl_c_named_address_space_builtins -fno-builtin -triple=riscv32 -target-cpu ventus-gpgpu user_options: 
### Triple: riscv32, CPU: ventus-gpgpu
[2024-05-05 11:53:24.530865132] POCL: in fn void pocl_ventus_run(void *, _cl_command_node *) at line 631:
  *** INFO ***  |    VENTUS |  Allocating kernel arg buffer entry:
Warning: the memory at  [0x90002000, 0x90002033] has been realigned
to the 4 KiB page size: [0x90002000, 0x90002FFF]
[2024-05-05 11:53:24.551271823] POCL: in fn void pocl_ventus_run(void *, _cl_command_node *) at line 687:
  *** INFO ***  |    VENTUS |  Kernel entry of "sfilter" is : "0x800000b8"
[2024-05-05 11:53:25.361086114] POCL: in fn void pocl_ventus_run(void *, _cl_command_node *) at line 720:
  *** INFO ***  |    VENTUS |  Vmem file has been written to object.vmem
[2024-05-05 11:53:25.361465410] POCL: in fn void pocl_ventus_run(void *, _cl_command_node *) at line 774:
  *** INFO ***  |    VENTUS |  Preparing private memory of ventus:
[2024-05-05 11:53:25.361481001] POCL: in fn void pocl_ventus_run(void *, _cl_command_node *) at line 809:
  *** INFO ***  |    VENTUS |  Allocating metadata space:
Warning: the memory at  [0x903C3000, 0x903C303F] has been realigned
to the 4 KiB page size: [0x903C3000, 0x903C3FFF]
[2024-05-05 11:53:25.361493265] POCL: in fn void pocl_ventus_run(void *, _cl_command_node *) at line 819:
  *** INFO ***  |    VENTUS |  kernel metadata has been written to 0x903c3000
create input buffer
create output buffer
create kernel
setting up kernel args
enqueue write buffer
to allocate at 0x90000000 with 4096 bytes 
to copy to 0x90000000 with 4096 bytes
to allocate at 0x90001000 with 4096 bytes 
to copy to 0x90001000 with 4096 bytes
enqueue kernel
notice that ventus hasn't support local buffer as argument yet.
to allocate at 0x90002000 with 4096 bytes 
to copy to 0x90002000 with 52 bytes
to allocate at 0x90003000 with 3932160 bytes 
to allocate at 0x903c3000 with 4096 bytes 
to copy to 0x903c3000 with 64 bytes
arg gpgpu is numw:2,numt:16,numwg:30,kernelx:1,kernely:30,kernelz:1,ldssize:0x1000,pdssize:0x10000000,pdsbase:0x90003000,knlbase:0x903c3000,currwgid:0
vaddr mem scope is -m0x70000000:0x903c4000
src file is object.riscv, run log is written to object.riscv.log
spike -l --log-commits -p60 --isa rv32gcv_zfh --pc=0x80000000 -m0x70000000:0x903c4000 --varch vlen:512,elen:32 --gpgpuarch numw:2,numt:16,numwg:30,kernelx:1,kernely:30,kernelz:1,ldssize:0x1000,pdssize:0x10000000,pdsbase:0x90003000,knlbase:0x903c3000,currwgid:0 --log=object.riscv.log object.riscv 
Log file object.riscv.log renamed successfully to sfilter_0.log.
Elapsed time: 979 ms
Verify result
to copy from 0x90001000 with 4096 bytes
PASSED!
