core   0: 0x00001000 (0x00000297) auipc   x5, 0x0
core   0: 3 0x00001000 (0x00000297) x5  0x00001000
core   0: 0x00001004 (0x02028593) addi    x11, x5, 32
core   0: 3 0x00001004 (0x02028593) x11 0x00001020
core   0: 0x00001008 (0xf1402573) csrr    x10, mhartid
core   0: 3 0x00001008 (0xf1402573) x10 0x00000000
core   0: 0x0000100c (0x0182a283) lw      x5, 24(x5)
core   0: 3 0x0000100c (0x0182a283) x5  0x80000000 mem 0x00001018
core   0: 0x00001010 (0x00028067) jr      x5
core   0: 3 0x00001010 (0x00028067)
core   0: 0x80000000 (0x00004197) auipc   x3, 0x4
core   0: 3 0x80000000 (0x00004197) x3  0x80004000
core   0: 0x80000004 (0x80818193) addi    x3, x3, -2040
core   0: 3 0x80000004 (0x80818193) x3  0x80003808
core   0: 0x80000008 (0x02000e93) li      x29, 32
core   0: 3 0x80000008 (0x02000e93) x29 0x00000020
core   0: 0x8000000c (0x0d0efed7) vsetvli x29, x29, e32, m1, ta, ma
core   0: 3 0x8000000c (0x0d0efed7) x29 0x00000010 c8_vstart 0x00000000 c3104_vl 0x00000010 c3105_vtype 0x000000d0 c768_mstatus 0x80000600
core   0: 0x80000010 (0x00002eb7) lui     x29, 0x2
core   0: 3 0x80000010 (0x00002eb7) x29 0x00002000
core   0: 0x80000014 (0x300eaef3) csrrs   x29, mstatus, x29
core   0: 3 0x80000014 (0x300eaef3) x29 0x80000600 c768_mstatus 0x80006600
core   0: 0x80000018 (0x00000e93) li      x29, 0
core   0: 3 0x80000018 (0x00000e93) x29 0x00000000
core   0: 0x8000001c (0x80502373) csrr    x6, wid
core   0: 3 0x8000001c (0x80502373) x6  0x00000000
core   0: 0x80000020 (0x806023f3) csrr    x7, lds
core   0: 3 0x80000020 (0x806023f3) x7  0x70000000
core   0: 0x80000024 (0x40000e13) li      x28, 1024
core   0: 3 0x80000024 (0x40000e13) x28 0x00000400
core   0: 0x80000028 (0x03c30333) mul     x6, x6, x28
core   0: 3 0x80000028 (0x03c30333) x6  0x00000000
core   0: 0x8000002c (0x00730133) add     x2, x6, x7
core   0: 3 0x8000002c (0x00730133) x2  0x70000000
core   0: 0x80000030 (0x00000213) li      x4, 0
core   0: 3 0x80000030 (0x00000213) x4  0x00000000
core   0: 0x80000034 (0x80102f73) csrr    x30, numw
core   0: 3 0x80000034 (0x80102f73) x30 0x00000001
core   0: 0x80000038 (0x40000e13) li      x28, 1024
core   0: 3 0x80000038 (0x40000e13) x28 0x00000400
core   0: 0x8000003c (0x03cf0f33) mul     x30, x30, x28
core   0: 3 0x8000003c (0x03cf0f33) x30 0x00000400
core   0: 0x80000040 (0x01e38433) add     x8, x7, x30
core   0: 3 0x80000040 (0x01e38433) x8  0x70000400
core   0: 0x80000044 (0x00003517) auipc   x10, 0x3
core   0: 3 0x80000044 (0x00003517) x10 0x80003044
core   0: 0x80000048 (0xfc450513) addi    x10, x10, -60
core   0: 3 0x80000048 (0xfc450513) x10 0x80003008
core   0: 0x8000004c (0x00003617) auipc   x12, 0x3
core   0: 3 0x8000004c (0x00003617) x12 0x8000304c
core   0: 0x80000050 (0xfbc60613) addi    x12, x12, -68
core   0: 3 0x80000050 (0xfbc60613) x12 0x80003008
core   0: 0x80000054 (0x00c50863) beq     x10, x12, pc + 16
core   0: 3 0x80000054 (0x00c50863)
core   0: 0x80000064 (0x803022f3) csrr    x5, knl
core   0: 3 0x80000064 (0x803022f3) x5  0x90014000
core   0: 0x80000068 (0x0002a303) lw      x6, 0(x5)
core   0: 3 0x80000068 (0x0002a303) x6  0x800000b8 mem 0x90014000
core   0: 0x8000006c (0x0042a503) lw      x10, 4(x5)
core   0: 3 0x8000006c (0x0042a503) x10 0x90003000 mem 0x90014004
core   0: 0x80000070 (0x0302a383) lw      x7, 48(x5)
core   0: 3 0x80000070 (0x0302a383) x7  0x00000000 mem 0x90014030
core   0: 0x80000074 (0x0342ae03) lw      x28, 52(x5)
core   0: 3 0x80000074 (0x0342ae03) x28 0x00000000 mem 0x90014034
core   0: 0x80000078 (0x00003e97) auipc   x29, 0x3
core   0: 3 0x80000078 (0x00003e97) x29 0x80003078
core   0: 0x8000007c (0xf88e8e93) addi    x29, x29, -120
core   0: 3 0x8000007c (0xf88e8e93) x29 0x80003000
core   0: 0x80000080 (0x00003f17) auipc   x30, 0x3
core   0: 3 0x80000080 (0x00003f17) x30 0x80003080
core   0: 0x80000084 (0xf84f0f13) addi    x30, x30, -124
core   0: 3 0x80000084 (0xf84f0f13) x30 0x80003004
core   0: 0x80000088 (0x007ea023) sw      x7, 0(x29)
core   0: 3 0x80000088 (0x007ea023) mem 0x80003000 0x00000000
core   0: 0x8000008c (0x01cf2023) sw      x28, 0(x30)
core   0: 3 0x8000008c (0x01cf2023) mem 0x80003004 0x00000000
core   0: 0x80000090 (0x00000f97) auipc   x31, 0x0
core   0: 3 0x80000090 (0x00000f97) x31 0x80000090
core   0: 0x80000094 (0x018f8f93) addi    x31, x31, 24
core   0: 3 0x80000094 (0x018f8f93) x31 0x800000a8
core   0: 0x80000098 (0x305f9073) csrw    mtvec, x31
core   0: 3 0x80000098 (0x305f9073) c773_mtvec 0x800000a8
core   0: 0x8000009c (0x000300e7) jalr    x6
core   0: 3 0x8000009c (0x000300e7) x1  0x800000a0
core   0: 0x800000b8 (0x01010113) addi    x2, x2, 16
core   0: 3 0x800000b8 (0x01010113) x2  0x70000010
core   0: 0x800000bc (0xfe112823) sw      x1, -16(x2)
core   0: 3 0x800000bc (0xfe112823) mem 0x70000000 0x800000a0
core   0: 0x800000c0 (0x00c52283) lw      x5, 12(x10)
core   0: 3 0x800000c0 (0x00c52283) x5  0x00000008 mem 0x9000300c
core   0: 0x800000c4 (0xfe512e23) sw      x5, -4(x2)
core   0: 3 0x800000c4 (0xfe512e23) mem 0x7000000c 0x00000008
core   0: 0x800000c8 (0xfea12a23) sw      x10, -12(x2)
core   0: 3 0x800000c8 (0xfea12a23) mem 0x70000004 0x90003000
core   0: 0x800000cc (0x01052283) lw      x5, 16(x10)
core   0: 3 0x800000cc (0x01052283) x5  0x00000003 mem 0x90003010
core   0: 0x800000d0 (0xfe512c23) sw      x5, -8(x2)
core   0: 3 0x800000d0 (0xfe512c23) mem 0x70000008 0x00000003
core   0: 0x800000d4 (0x5e004057) vmv.v.x v0, x0
core   0: 3 0x800000d4 (0x5e004057) c8_vstart 0x00000000 e32 m1 l16 v0  0000ffff 0x00000000 00000000 00000000 00000000 00000000 00000000 00000000 00000000 00000000 00000000 00000000 00000000 00000000 00000000 00000000 00000000 
core   0: 0x800000d8 (0x1f4000ef) jal     pc + 0x1f4
core   0: 3 0x800000d8 (0x1f4000ef) x1  0x800000dc
core   0: 0x800002cc (0x00410113) addi    x2, x2, 4
core   0: 3 0x800002cc (0x00410113) x2  0x70000014
core   0: 0x800002d0 (0xfe112e23) sw      x1, -4(x2)
core   0: 3 0x800002d0 (0xfe112e23) mem 0x70000010 0x800000dc
core   0: 0x800002d4 (0x00200293) li      x5, 2
core   0: 3 0x800002d4 (0x00200293) x5  0x00000002
core   0: 0x800002d8 (0x5e02c0d7) vmv.v.x v1, x5
core   0: 3 0x800002d8 (0x5e02c0d7) c8_vstart 0x00000000 e32 m1 l16 v1  0000ffff 0x00000002 00000002 00000002 00000002 00000002 00000002 00000002 00000002 00000002 00000002 00000002 00000002 00000002 00000002 00000002 00000002 
core   0: 0x800002dc (0x00000317) auipc   x6, 0x0
core   0: 3 0x800002dc (0x00000317) x6  0x800002dc
core   0: 0x800002e0 (0x04c3305b) setrpc  x0, x6, 76
core   0: 3 0x800002e0 (0x04c3305b) c2060_rpc 0x80000328 current mask:	0000ffff current npc:	00000000 stack size: 0
core   0: 0x800002e4 (0x0200885b) vbeq    v0, v1, pc + 48
core   0: 3 0x800002e4 (0x0200885b) c8_vstart 0x00000000 e32 m1 l16 current mask:	0000ffff current npc:	800002e8 stack size: 0
core   0: 0x800002e8 (0x00100293) li      x5, 1
core   0: 3 0x800002e8 (0x00100293) x5  0x00000001
core   0: 0x800002ec (0x5e02c0d7) vmv.v.x v1, x5
core   0: 3 0x800002ec (0x5e02c0d7) c8_vstart 0x00000000 e32 m1 l16 v1  0000ffff 0x00000001 00000001 00000001 00000001 00000001 00000001 00000001 00000001 00000001 00000001 00000001 00000001 00000001 00000001 00000001 00000001 
core   0: 0x800002f0 (0x00000317) auipc   x6, 0x0
core   0: 3 0x800002f0 (0x00000317) x6  0x800002f0
core   0: 0x800002f4 (0x0383305b) setrpc  x0, x6, 56
core   0: 3 0x800002f4 (0x0383305b) c2060_rpc 0x80000328 current mask:	0000ffff current npc:	800002e8 stack size: 0
core   0: 0x800002f8 (0x0200825b) vbeq    v0, v1, pc + 36
core   0: 3 0x800002f8 (0x0200825b) c8_vstart 0x00000000 e32 m1 l16 current mask:	0000ffff current npc:	800002fc stack size: 0
core   0: 0x800002fc (0x5e0040d7) vmv.v.x v1, x0
core   0: 3 0x800002fc (0x5e0040d7) c8_vstart 0x00000000 e32 m1 l16 v1  0000ffff 0x00000000 00000000 00000000 00000000 00000000 00000000 00000000 00000000 00000000 00000000 00000000 00000000 00000000 00000000 00000000 00000000 
core   0: 0x80000300 (0x00000317) auipc   x6, 0x0
core   0: 3 0x80000300 (0x00000317) x6  0x80000300
core   0: 0x80000304 (0x0283305b) setrpc  x0, x6, 40
core   0: 3 0x80000304 (0x0283305b) c2060_rpc 0x80000328 current mask:	0000ffff current npc:	800002fc stack size: 0
core   0: 0x80000308 (0x00009e5b) vbne    v0, v1, pc + 28
core   0: 3 0x80000308 (0x00009e5b) c8_vstart 0x00000000 e32 m1 l16 current mask:	0000ffff current npc:	8000030c stack size: 0
core   0: 0x8000030c (0x1a0000ef) jal     pc + 0x1a0
core   0: 3 0x8000030c (0x1a0000ef) x1  0x80000310
core   0: 0x800004ac (0x00410113) addi    x2, x2, 4
core   0: 3 0x800004ac (0x00410113) x2  0x70000018
core   0: 0x800004b0 (0xfe112e23) sw      x1, -4(x2)
core   0: 3 0x800004b0 (0xfe112e23) mem 0x70000014 0x80000310
core   0: 0x800004b4 (0xf1dff0ef) jal     pc - 0xe4
core   0: 3 0x800004b4 (0xf1dff0ef) x1  0x800004b8
core   0: 0x800003d0 (0x00410113) addi    x2, x2, 4
core   0: 3 0x800003d0 (0x00410113) x2  0x7000001c
core   0: 0x800003d4 (0xfe112e23) sw      x1, -4(x2)
core   0: 3 0x800003d4 (0xfe112e23) mem 0x70000018 0x800004b8
core   0: 0x800003d8 (0x80302573) csrr    x10, knl
core   0: 3 0x800003d8 (0x80302573) x10 0x90014000
core   0: 0x800003dc (0x00852283) lw      x5, 8(x10)
core   0: 3 0x800003dc (0x00852283) x5  0x00000001 mem 0x90014008
core   0: 0x800003e0 (0x80002373) csrr    x6, tid
core   0: 3 0x800003e0 (0x80002373) x6  0x00000000
core   0: 0x800003e4 (0x5208a157) vid.v   v2
core   0: 3 0x800003e4 (0x5208a157) c8_vstart 0x00000000 e32 m1 l16 v2  0000ffff 0x0000000f 0000000e 0000000d 0000000c 0000000b 0000000a 00000009 00000008 00000007 00000006 00000005 00000004 00000003 00000002 00000001 00000000 
core   0: 0x800003e8 (0x02234057) vadd.vx v0, v2, x6
core   0: 3 0x800003e8 (0x02234057) c8_vstart 0x00000000 e32 m1 l16 v0  0000ffff 0x0000000f 0000000e 0000000d 0000000c 0000000b 0000000a 00000009 00000008 00000007 00000006 00000005 00000004 00000003 00000002 00000001 00000000 
core   0: 0x800003ec (0x01852e03) lw      x28, 24(x10)
core   0: 3 0x800003ec (0x01852e03) x28 0x00000008 mem 0x90014018
core   0: 0x800003f0 (0x8a0e6057) vremu.vx v0, v0, x28
core   0: 3 0x800003f0 (0x8a0e6057) c8_vstart 0x00000000 e32 m1 l16 v0  0000ffff 0x00000007 00000006 00000005 00000004 00000003 00000002 00000001 00000000 00000007 00000006 00000005 00000004 00000003 00000002 00000001 00000000 
core   0: 0x800003f4 (0xffc12083) lw      x1, -4(x2)
core   0: 3 0x800003f4 (0xffc12083) x1  0x800004b8 mem 0x70000018
core   0: 0x800003f8 (0xffc10113) addi    x2, x2, -4
core   0: 3 0x800003f8 (0xffc10113) x2  0x70000018
core   0: 0x800003fc (0x00008067) ret
core   0: 3 0x800003fc (0x00008067)
core   0: 0x800004b8 (0x80302573) csrr    x10, knl
core   0: 3 0x800004b8 (0x80302573) x10 0x90014000
core   0: 0x800004bc (0x80802373) csrr    x6, gidx
core   0: 3 0x800004bc (0x80802373) x6  0x00000000
core   0: 0x800004c0 (0x01852e03) lw      x28, 24(x10)
core   0: 3 0x800004c0 (0x01852e03) x28 0x00000008 mem 0x90014018
core   0: 0x800004c4 (0x02452e83) lw      x29, 36(x10)
core   0: 3 0x800004c4 (0x02452e83) x29 0x00000000 mem 0x90014024
core   0: 0x800004c8 (0x03c30fb3) mul     x31, x6, x28
core   0: 3 0x800004c8 (0x03c30fb3) x31 0x00000000
core   0: 0x800004cc (0x01df8fb3) add     x31, x31, x29
core   0: 3 0x800004cc (0x01df8fb3) x31 0x00000000
core   0: 0x800004d0 (0x020fc057) vadd.vx v0, v0, x31
core   0: 3 0x800004d0 (0x020fc057) c8_vstart 0x00000000 e32 m1 l16 v0  0000ffff 0x00000007 00000006 00000005 00000004 00000003 00000002 00000001 00000000 00000007 00000006 00000005 00000004 00000003 00000002 00000001 00000000 
core   0: 0x800004d4 (0xffc12083) lw      x1, -4(x2)
core   0: 3 0x800004d4 (0xffc12083) x1  0x80000310 mem 0x70000014
core   0: 0x800004d8 (0xffc10113) addi    x2, x2, -4
core   0: 3 0x800004d8 (0xffc10113) x2  0x70000014
core   0: 0x800004dc (0x00008067) ret
core   0: 3 0x800004dc (0x00008067)
core   0: 0x80000310 (0x0180006f) j       pc + 0x18
core   0: 3 0x80000310 (0x0180006f)
core   0: 0x80000328 (0x0000205b) join    v0, v0, pc + 0
core   0: 3 0x80000328 (0x0000205b) current mask:	0000ffff current npc:	8000030c stack size: 0
core   0: 0x8000032c (0xffc12083) lw      x1, -4(x2)
core   0: 3 0x8000032c (0xffc12083) x1  0x800000dc mem 0x70000010
core   0: 0x80000330 (0xffc10113) addi    x2, x2, -4
core   0: 3 0x80000330 (0xffc10113) x2  0x70000010
core   0: 0x80000334 (0x00008067) ret
core   0: 3 0x80000334 (0x00008067)
core   0: 0x800000dc (0xff812483) lw      x9, -8(x2)
core   0: 3 0x800000dc (0xff812483) x9  0x00000003 mem 0x70000008
core   0: 0x800000e0 (0xffc12383) lw      x7, -4(x2)
core   0: 3 0x800000e0 (0xffc12383) x7  0x00000008 mem 0x7000000c
core   0: 0x800000e4 (0xfff4c293) not     x5, x9
core   0: 3 0x800000e4 (0xfff4c293) x5  0xfffffffc
core   0: 0x800000e8 (0x007282b3) add     x5, x5, x7
core   0: 3 0x800000e8 (0x007282b3) x5  0x00000004
core   0: 0x800000ec (0x5e02c0d7) vmv.v.x v1, x5
core   0: 3 0x800000ec (0x5e02c0d7) c8_vstart 0x00000000 e32 m1 l16 v1  0000ffff 0x00000004 00000004 00000004 00000004 00000004 00000004 00000004 00000004 00000004 00000004 00000004 00000004 00000004 00000004 00000004 00000004 
core   0: 0x800000f0 (0x00000317) auipc   x6, 0x0
core   0: 3 0x800000f0 (0x00000317) x6  0x800000f0
core   0: 0x800000f4 (0x06c3305b) setrpc  x0, x6, 108
core   0: 3 0x800000f4 (0x06c3305b) c2060_rpc 0x8000015c current mask:	0000ffff current npc:	8000030c stack size: 0
core   0: 0x800000f8 (0x0600d25b) vbge    v0, v1, pc + 100
core   0: 3 0x800000f8 (0x0600d25b) c8_vstart 0x00000000 e32 m1 l16 current mask:	0000f0f0 current npc:	8000015c stack size: 2
[r_pc] 8000015c [else_pc] 800000fc [else_mask] 00000f0f 
[r_pc] 8000015c [else_pc] 8000015c [else_mask] 0000ffff 
core   0: 0x8000015c (0x0000205b) join    v0, v0, pc + 0
core   0: 3 0x8000015c (0x0000205b) current mask:	00000f0f current npc:	800000fc stack size: 1
[r_pc] 8000015c [else_pc] 8000015c [else_mask] 0000ffff 
core   0: 0x800000fc (0xff412303) lw      x6, -12(x2)
core   0: 3 0x800000fc (0xff412303) x6  0x90003000 mem 0x70000004
core   0: 0x80000100 (0x00432283) lw      x5, 4(x6)
core   0: 3 0x80000100 (0x00432283) x5  0x90000000 mem 0x90003004
core   0: 0x80000104 (0x00032303) lw      x6, 0(x6)
core   0: 3 0x80000104 (0x00032303) x6  0x90002000 mem 0x90003000
core   0: 0x80000108 (0x5e04c0d7) vmv.v.x v1, x9
core   0: 3 0x80000108 (0x5e04c0d7) c8_vstart 0x00000000 e32 m1 l16 v1  00000f0f 0x00000004 00000004 00000004 00000004 00000003 00000003 00000003 00000003 00000004 00000004 00000004 00000004 00000003 00000003 00000003 00000003 
core   0: 0x8000010c (0x5e03c157) vmv.v.x v2, x7
core   0: 3 0x8000010c (0x5e03c157) c8_vstart 0x00000000 e32 m1 l16 v2  00000f0f 0x0000000f 0000000e 0000000d 0000000c 00000008 00000008 00000008 00000008 00000007 00000006 00000005 00000004 00000008 00000008 00000008 00000008 
core   0: 0x80000110 (0x5e02c1d7) vmv.v.x v3, x5
core   0: 3 0x80000110 (0x5e02c1d7) c8_vstart 0x00000000 e32 m1 l16 v3  00000f0f 0x00000000 00000000 00000000 00000000 90000000 90000000 90000000 90000000 00000000 00000000 00000000 00000000 90000000 90000000 90000000 90000000 
core   0: 0x80000114 (0x02008057) vadd.vv v0, v0, v1
core   0: 3 0x80000114 (0x02008057) c8_vstart 0x00000000 e32 m1 l16 v0  00000f0f 0x00000007 00000006 00000005 00000004 00000006 00000005 00000004 00000003 00000007 00000006 00000005 00000004 00000006 00000005 00000004 00000003 
core   0: 0x80000118 (0x0200b057) vadd.vi v0, v0, 1
core   0: 3 0x80000118 (0x0200b057) c8_vstart 0x00000000 e32 m1 l16 v0  00000f0f 0x00000007 00000006 00000005 00000004 00000007 00000006 00000005 00000004 00000007 00000006 00000005 00000004 00000007 00000006 00000005 00000004 
core   0: 0x8000011c (0x96012057) vmul.vv v0, v0, v2
core   0: 3 0x8000011c (0x96012057) c8_vstart 0x00000000 e32 m1 l16 v0  00000f0f 0x00000007 00000006 00000005 00000004 00000038 00000030 00000028 00000020 00000007 00000006 00000005 00000004 00000038 00000030 00000028 00000020 
core   0: 0x80000120 (0x96013057) vsll.vi v0, v0, 2
core   0: 3 0x80000120 (0x96013057) c8_vstart 0x00000000 e32 m1 l16 v0  00000f0f 0x00000007 00000006 00000005 00000004 000000e0 000000c0 000000a0 00000080 00000007 00000006 00000005 00000004 000000e0 000000c0 000000a0 00000080 
core   0: 0x80000124 (0x02300257) vadd.vv v4, v3, v0
core   0: 3 0x80000124 (0x02300257) c8_vstart 0x00000000 e32 m1 l16 v4  00000f0f 0x00000000 00000000 00000000 00000000 900000e0 900000c0 900000a0 90000080 00000000 00000000 00000000 00000000 900000e0 900000c0 900000a0 90000080 
core   0: 0x80000128 (0x961132d7) vsll.vi v5, v1, 2
core   0: 3 0x80000128 (0x961132d7) c8_vstart 0x00000000 e32 m1 l16 v5  00000f0f 0x00000000 00000000 00000000 00000000 0000000c 0000000c 0000000c 0000000c 00000000 00000000 00000000 00000000 0000000c 0000000c 0000000c 0000000c 
core   0: 0x8000012c (0x02428257) vadd.vv v4, v4, v5
core   0: 3 0x8000012c (0x02428257) c8_vstart 0x00000000 e32 m1 l16 v4  00000f0f 0x00000000 00000000 00000000 00000000 900000ec 900000cc 900000ac 9000008c 00000000 00000000 00000000 00000000 900000ec 900000cc 900000ac 9000008c 
core   0: 0x80000130 (0x0002227b) vlw12.v v4, v4, 0
core   0: 3 0x80000130 (0x0002227b) e32 m1 l16 v4  00000f0f 0x00000000 00000000 00000000 00000000 3f8b72ab bf512077 c0617139 be8c425c 00000000 00000000 00000000 00000000 3f8b72ab bf512077 c0617139 be8c425c  c8_vstart 0x00000000 mem 0x9000008c mem 0x900000ac mem 0x900000cc mem 0x900000ec mem 0x9000008c mem 0x900000ac mem 0x900000cc mem 0x900000ec
core   0: 0x80000134 (0x961120d7) vmul.vv v1, v1, v2
core   0: 3 0x80000134 (0x961120d7) c8_vstart 0x00000000 e32 m1 l16 v1  00000f0f 0x00000004 00000004 00000004 00000004 00000018 00000018 00000018 00000018 00000004 00000004 00000004 00000004 00000018 00000018 00000018 00000018 
core   0: 0x80000138 (0x961130d7) vsll.vi v1, v1, 2
core   0: 3 0x80000138 (0x961130d7) c8_vstart 0x00000000 e32 m1 l16 v1  00000f0f 0x00000004 00000004 00000004 00000004 00000060 00000060 00000060 00000060 00000004 00000004 00000004 00000004 00000060 00000060 00000060 00000060 
core   0: 0x8000013c (0x023080d7) vadd.vv v1, v3, v1
core   0: 3 0x8000013c (0x023080d7) c8_vstart 0x00000000 e32 m1 l16 v1  00000f0f 0x00000004 00000004 00000004 00000004 90000060 90000060 90000060 90000060 00000004 00000004 00000004 00000004 90000060 90000060 90000060 90000060 
core   0: 0x80000140 (0x021280d7) vadd.vv v1, v1, v5
core   0: 3 0x80000140 (0x021280d7) c8_vstart 0x00000000 e32 m1 l16 v1  00000f0f 0x00000004 00000004 00000004 00000004 9000006c 9000006c 9000006c 9000006c 00000004 00000004 00000004 00000004 9000006c 9000006c 9000006c 9000006c 
core   0: 0x80000144 (0x0000a0fb) vlw12.v v1, v1, 0
core   0: 3 0x80000144 (0x0000a0fb) e32 m1 l16 v1  00000f0f 0x00000004 00000004 00000004 00000004 401b89bd 401b89bd 401b89bd 401b89bd 00000004 00000004 00000004 00000004 401b89bd 401b89bd 401b89bd 401b89bd  c8_vstart 0x00000000 mem 0x9000006c mem 0x9000006c mem 0x9000006c mem 0x9000006c mem 0x9000006c mem 0x9000006c mem 0x9000006c mem 0x9000006c
core   0: 0x80000148 (0x5e034157) vmv.v.x v2, x6
core   0: 3 0x80000148 (0x5e034157) c8_vstart 0x00000000 e32 m1 l16 v2  00000f0f 0x0000000f 0000000e 0000000d 0000000c 90002000 90002000 90002000 90002000 00000007 00000006 00000005 00000004 90002000 90002000 90002000 90002000 
core   0: 0x8000014c (0x824090d7) vfdiv.vv v1, v4, v1
core   0: 3 0x8000014c (0x824090d7) c8_vstart 0x00000000 c1_fflags 0x00000001 e32 m1 l16 v1  00000f0f 0x00000004 00000004 00000004 00000004 3ee5846c beac19d3 bfb98716 bde6da43 00000004 00000004 00000004 00000004 3ee5846c beac19d3 bfb98716 bde6da43 
core   0: 0x80000150 (0x02200057) vadd.vv v0, v2, v0
core   0: 3 0x80000150 (0x02200057) c8_vstart 0x00000000 e32 m1 l16 v0  00000f0f 0x00000007 00000006 00000005 00000004 900020e0 900020c0 900020a0 90002080 00000007 00000006 00000005 00000004 900020e0 900020c0 900020a0 90002080 
core   0: 0x80000154 (0x02028057) vadd.vv v0, v0, v5
core   0: 3 0x80000154 (0x02028057) c8_vstart 0x00000000 e32 m1 l16 v0  00000f0f 0x00000007 00000006 00000005 00000004 900020ec 900020cc 900020ac 9000208c 00000007 00000006 00000005 00000004 900020ec 900020cc 900020ac 9000208c 
core   0: 0x80000158 (0x0010607b) vsw12.v v1, v0, 0
core   0: 3 0x80000158 (0x0010607b) c8_vstart 0x00000000 e32 m1 l16 mem 0x9000208c 0xbde6da43 mem 0x900020ac 0xbfb98716 mem 0x900020cc 0xbeac19d3 mem 0x900020ec 0x3ee5846c mem 0x9000208c 0xbde6da43 mem 0x900020ac 0xbfb98716 mem 0x900020cc 0xbeac19d3 mem 0x900020ec 0x3ee5846c
core   0: 0x8000015c (0x0000205b) join    v0, v0, pc + 0
core   0: 3 0x8000015c (0x0000205b) current mask:	0000ffff current npc:	8000015c stack size: 0
core   0: 3 0x8000015c (0x0000205b) current mask:	0000ffff current npc:	8000015c stack size: 0
core   0: Executed 2 times
core   0: 0x80000160 (0xff012083) lw      x1, -16(x2)
core   0: 3 0x80000160 (0xff012083) x1  0x800000a0 mem 0x70000000
core   0: 0x80000164 (0xff010113) addi    x2, x2, -16
core   0: 3 0x80000164 (0xff010113) x2  0x70000000
core   0: 0x80000168 (0x00008067) ret
core   0: 3 0x80000168 (0x00008067)
core   0: 0x800000a0 (0x0000400b) endprg  x0, x0, x0
core   0: 3 0x800000a0 (0x0000400b)
core   0: 0x800000a4 (0x0040006f) j       pc + 0x4
core   0: 3 0x800000a4 (0x0040006f)
core   0: 0x800000a8 (0x00100313) li      x6, 1
core   0: 3 0x800000a8 (0x00100313) x6  0x00000001
core   0: 0x800000ac (0x00001297) auipc   x5, 0x1
core   0: 3 0x800000ac (0x00001297) x5  0x800010ac
core   0: 0x800000b0 (0xf5428293) addi    x5, x5, -172
core   0: 3 0x800000b0 (0xf5428293) x5  0x80001000
core   0: 0x800000b4 (0x0062a023) sw      x6, 0(x5)
core   0: 3 0x800000b4 (0x0062a023) mem 0x80001000 0x00000001
