** Final POCL_DEBUG flags: 100000 
WG size of kernel 1 = 0, WG size of kernel 2= 0 X 0
Read file from ../../data/gaussian/matrix8.txt 
Number of platforms detected:1
Checking For OpenCl Compatible Devices
Platform 0
vendor: The pocl project
[INFO]: [HW DRIVER] in [FILE] ventus.cpp,[LINE]25,[fn] vt_dev_open: vt_dev_open : hello world from ventus.cpp
spike device initialize: allocating local memory: to allocate at 0x70000000 with 268435456 bytes 
spike device initialize: allocating pc source memory: to allocate at 0x80000000 with 268435456 bytes 
no of devices: 1
	device 0: THU Ventus GPGPU device

Using Platform 0 Device 0 
Creating GPU Context
Profiling enabled
The input matrix a is:
-3.00e-01 -8.00e-01 -3.00e-01 -2.00e-01 1.00e-01 -7.00e-01 1.00e-01 -7.00e-01 
-4.00e-01 -3.00e-01 -1.00e+00 1.00e-01 -5.00e-01 -5.00e-01 -2.00e-01 4.00e-01 
1.00e-01 5.00e-01 -7.00e-01 1.00e+00 -7.00e-01 -9.00e-01 2.00e-01 -2.00e-01 
-5.00e-01 -8.00e-01 1.00e+00 -2.00e-01 0.00e+00 1.00e+00 1.00e+00 6.00e-01 
-1.00e-01 -4.00e-01 -6.00e-01 4.00e-01 -1.00e+00 -9.00e-01 -4.00e-01 -1.00e+00 
5.00e-01 -9.00e-01 -5.00e-01 -6.00e-01 -2.00e-01 -9.00e-01 1.00e+00 2.00e-01 
6.00e-01 -5.00e-01 8.00e-01 5.00e-01 1.00e-01 9.00e-01 1.00e-01 4.00e-01 
-4.00e-01 1.00e-01 1.00e-01 -5.00e-01 -3.00e-01 -2.00e-01 -8.00e-01 -4.00e-01 

The input array b is:
9.40e-01 -7.30e-01 -2.90e-01 -5.00e-01 2.00e-02 9.00e-02 -9.50e-01 5.60e-01 

	gaussianElim_kernels.cl
### options: -DPOCL_DEVICE_ADDRESS_BITS=32 -D__USE_CLANG_OPENCL_C_H -xcl -Dinline= -I. -cl-kernel-arg-info  -D__ENDIAN_LITTLE__=1 -DCL_DEVICE_MAX_GLOBAL_VARIABLE_SIZE=0 -D__OPENCL_VERSION__=200 -cl-std=CL2.0 -D__OPENCL_C_VERSION__=200 -Dcl_khr_fp64=1 -D__opencl_c_generic_address_space=1 -D__opencl_c_named_address_space_builtins=1 -cl-ext=-all,+cl_khr_fp64,+__opencl_c_generic_address_space,+__opencl_c_named_address_space_builtins -fno-builtin -triple=riscv32 -target-cpu ventus-gpgpu user_options: 
### Triple: riscv32, CPU: ventus-gpgpu
Warning: the memory at  [0x90000000, 0x900000FF] has been realigned
to the 4 KiB page size: [0x90000000, 0x90000FFF]
Warning: the memory at  [0x90001000, 0x9000101F] has been realigned
to the 4 KiB page size: [0x90001000, 0x90001FFF]
Warning: the memory at  [0x90002000, 0x900020FF] has been realigned
to the 4 KiB page size: [0x90002000, 0x90002FFF]
[2024-05-06 02:29:43.566692331] POCL: in fn void pocl_ventus_run(void *, _cl_command_node *) at line 631:
  *** INFO ***  |    VENTUS |  Allocating kernel arg buffer entry:
Warning: the memory at  [0x90003000, 0x90003013] has been realigned
to the 4 KiB page size: [0x90003000, 0x90003FFF]
[2024-05-06 02:29:43.594406613] POCL: in fn void pocl_ventus_run(void *, _cl_command_node *) at line 687:
  *** INFO ***  |    VENTUS |  Kernel entry of "Fan1" is : "0x800000b8"
[2024-05-06 02:29:44.381304818] POCL: in fn void pocl_ventus_run(void *, _cl_command_node *) at line 720:
  *** INFO ***  |    VENTUS |  Vmem file has been written to object.vmem
[2024-05-06 02:29:44.381552130] POCL: in fn void pocl_ventus_run(void *, _cl_command_node *) at line 774:
  *** INFO ***  |    VENTUS |  Preparing private memory of ventus:
[2024-05-06 02:29:44.381564751] POCL: in fn void pocl_ventus_run(void *, _cl_command_node *) at line 809:
  *** INFO ***  |    VENTUS |  Allocating metadata space:
Warning: the memory at  [0x90014000, 0x9001403F] has been realigned
to the 4 KiB page size: [0x90014000, 0x90014FFF]
[2024-05-06 02:29:44.381571409] POCL: in fn void pocl_ventus_run(void *, _cl_command_node *) at line 819:
  *** INFO ***  |    VENTUS |  kernel metadata has been written to 0x90014000
[2024-05-06 02:29:44.384787913] POCL: in fn void pocl_ventus_run(void *, _cl_command_node *) at line 631:
  *** INFO ***  |    VENTUS |  Allocating kernel arg buffer entry:
Warning: the memory at  [0x90003000, 0x90003013] has been realigned
to the 4 KiB page size: [0x90003000, 0x90003FFF]
[2024-05-06 02:29:44.404468794] POCL: in fn void pocl_ventus_run(void *, _cl_command_node *) at line 687:
  *** INFO ***  |    VENTUS |  Kernel entry of "Fan2" is : "0x8000016c"
[2024-05-06 02:29:45.201392783] POCL: in fn void pocl_ventus_run(void *, _cl_command_node *) at line 720:
  *** INFO ***  |    VENTUS |  Vmem file has been written to object.vmem
[2024-05-06 02:29:45.201582080] POCL: in fn void pocl_ventus_run(void *, _cl_command_node *) at line 774:
  *** INFO ***  |    VENTUS |  Preparing private memory of ventus:
[2024-05-06 02:29:45.201593415] POCL: in fn void pocl_ventus_run(void *, _cl_command_node *) at line 809:
  *** INFO ***  |    VENTUS |  Allocating metadata space:
Warning: the memory at  [0x90044000, 0x9004403F] has been realigned
to the 4 KiB page size: [0x90044000, 0x90044FFF]
[2024-05-06 02:29:45.201602373] POCL: in fn void pocl_ventus_run(void *, _cl_command_node *) at line 819:
  *** INFO ***  |    VENTUS |  kernel metadata has been written to 0x90044000
[2024-05-06 02:29:45.211479853] POCL: in fn void pocl_ventus_run(void *, _cl_command_node *) at line 631:
  *** INFO ***  |    VENTUS |  Allocating kernel arg buffer entry:
Warning: the memory at  [0x90003000, 0x90003013] has been realigned
to the 4 KiB page size: [0x90003000, 0x90003FFF]
[2024-05-06 02:29:45.232532283] POCL: in fn void pocl_ventus_run(void *, _cl_command_node *) at line 687:
  *** INFO ***  |    VENTUS |  Kernel entry of "Fan1" is : "0x800000b8"
[2024-05-06 02:29:46.020705574] POCL: in fn void pocl_ventus_run(void *, _cl_command_node *) at line 720:
  *** INFO ***  |    VENTUS |  Vmem file has been written to object.vmem
[2024-05-06 02:29:46.020892020] POCL: in fn void pocl_ventus_run(void *, _cl_command_node *) at line 774:
  *** INFO ***  |    VENTUS |  Preparing private memory of ventus:
[2024-05-06 02:29:46.020904664] POCL: in fn void pocl_ventus_run(void *, _cl_command_node *) at line 809:
  *** INFO ***  |    VENTUS |  Allocating metadata space:
Warning: the memory at  [0x90014000, 0x9001403F] has been realigned
to the 4 KiB page size: [0x90014000, 0x90014FFF]
[2024-05-06 02:29:46.020914325] POCL: in fn void pocl_ventus_run(void *, _cl_command_node *) at line 819:
  *** INFO ***  |    VENTUS |  kernel metadata has been written to 0x90014000
[2024-05-06 02:29:46.023395905] POCL: in fn void pocl_ventus_run(void *, _cl_command_node *) at line 631:
  *** INFO ***  |    VENTUS |  Allocating kernel arg buffer entry:
Warning: the memory at  [0x90003000, 0x90003013] has been realigned
to the 4 KiB page size: [0x90003000, 0x90003FFF]
[2024-05-06 02:29:46.042558891] POCL: in fn void pocl_ventus_run(void *, _cl_command_node *) at line 687:
  *** INFO ***  |    VENTUS |  Kernel entry of "Fan2" is : "0x8000016c"
[2024-05-06 02:29:46.825317637] POCL: in fn void pocl_ventus_run(void *, _cl_command_node *) at line 720:
  *** INFO ***  |    VENTUS |  Vmem file has been written to object.vmem
[2024-05-06 02:29:46.825501547] POCL: in fn void pocl_ventus_run(void *, _cl_command_node *) at line 774:
  *** INFO ***  |    VENTUS |  Preparing private memory of ventus:
[2024-05-06 02:29:46.825513395] POCL: in fn void pocl_ventus_run(void *, _cl_command_node *) at line 809:
  *** INFO ***  |    VENTUS |  Allocating metadata space:
Warning: the memory at  [0x90044000, 0x9004403F] has been realigned
to the 4 KiB page size: [0x90044000, 0x90044FFF]
[2024-05-06 02:29:46.825523259] POCL: in fn void pocl_ventus_run(void *, _cl_command_node *) at line 819:
  *** INFO ***  |    VENTUS |  kernel metadata has been written to 0x90044000
[2024-05-06 02:29:46.833984488] POCL: in fn void pocl_ventus_run(void *, _cl_command_node *) at line 631:
  *** INFO ***  |    VENTUS |  Allocating kernel arg buffer entry:
Warning: the memory at  [0x90003000, 0x90003013] has been realigned
to the 4 KiB page size: [0x90003000, 0x90003FFF]
[2024-05-06 02:29:46.854967112] POCL: in fn void pocl_ventus_run(void *, _cl_command_node *) at line 687:
  *** INFO ***  |    VENTUS |  Kernel entry of "Fan1" is : "0x800000b8"
[2024-05-06 02:29:47.653636126] POCL: in fn void pocl_ventus_run(void *, _cl_command_node *) at line 720:
  *** INFO ***  |    VENTUS |  Vmem file has been written to object.vmem
[2024-05-06 02:29:47.653807528] POCL: in fn void pocl_ventus_run(void *, _cl_command_node *) at line 774:
  *** INFO ***  |    VENTUS |  Preparing private memory of ventus:
[2024-05-06 02:29:47.653818678] POCL: in fn void pocl_ventus_run(void *, _cl_command_node *) at line 809:
  *** INFO ***  |    VENTUS |  Allocating metadata space:
Warning: the memory at  [0x90014000, 0x9001403F] has been realigned
to the 4 KiB page size: [0x90014000, 0x90014FFF]
[2024-05-06 02:29:47.653826730] POCL: in fn void pocl_ventus_run(void *, _cl_command_node *) at line 819:
  *** INFO ***  |    VENTUS |  kernel metadata has been written to 0x90014000
to allocate at 0x90000000 with 4096 bytes 
to copy to 0x90000000 with 256 bytes
to allocate at 0x90001000 with 4096 bytes 
to copy to 0x90001000 with 32 bytes
to allocate at 0x90002000 with 4096 bytes 
to copy to 0x90002000 with 256 bytes
notice that ventus hasn't support local buffer as argument yet.
to allocate at 0x90003000 with 4096 bytes 
to copy to 0x90003000 with 20 bytes
to allocate at 0x90004000 with 65536 bytes 
to allocate at 0x90014000 with 4096 bytes 
to copy to 0x90014000 with 64 bytes
arg gpgpu is numw:1,numt:16,numwg:1,kernelx:1,kernely:1,kernelz:1,ldssize:0x1000,pdssize:0x10000000,pdsbase:0x90004000,knlbase:0x90014000,currwgid:0
vaddr mem scope is -m0x70000000:0x90015000
src file is object.riscv, run log is written to object.riscv.log
spike -l --log-commits -p1 --isa rv32gcv_zfh --pc=0x80000000 -m0x70000000:0x90015000 --varch vlen:512,elen:32 --gpgpuarch numw:1,numt:16,numwg:1,kernelx:1,kernely:1,kernelz:1,ldssize:0x1000,pdssize:0x10000000,pdsbase:0x90004000,knlbase:0x90014000,currwgid:0 --log=object.riscv.log object.riscv 
Log file object.riscv.log renamed successfully to Fan1_0.log.
notice that ventus hasn't support local buffer as argument yet.
to allocate at 0x90003000 with 4096 bytes 
to copy to 0x90003000 with 20 bytes
to allocate at 0x90004000 with 262144 bytes 
to allocate at 0x90044000 with 4096 bytes 
to copy to 0x90044000 with 64 bytes
arg gpgpu is numw:4,numt:16,numwg:1,kernelx:1,kernely:1,kernelz:1,ldssize:0x1000,pdssize:0x10000000,pdsbase:0x90004000,knlbase:0x90044000,currwgid:0
vaddr mem scope is -m0x70000000:0x90045000
src file is object.riscv, run log is written to object.riscv.log
spike -l --log-commits -p4 --isa rv32gcv_zfh --pc=0x80000000 -m0x70000000:0x90045000 --varch vlen:512,elen:32 --gpgpuarch numw:4,numt:16,numwg:1,kernelx:1,kernely:1,kernelz:1,ldssize:0x1000,pdssize:0x10000000,pdsbase:0x90004000,knlbase:0x90044000,currwgid:0 --log=object.riscv.log object.riscv 
Log file object.riscv.log renamed successfully to Fan2_0.log.
notice that ventus hasn't support local buffer as argument yet.
to allocate at 0x90003000 with 4096 bytes 
to copy to 0x90003000 with 20 bytes
to allocate at 0x90004000 with 65536 bytes 
to allocate at 0x90014000 with 4096 bytes 
to copy to 0x90014000 with 64 bytes
arg gpgpu is numw:1,numt:16,numwg:1,kernelx:1,kernely:1,kernelz:1,ldssize:0x1000,pdssize:0x10000000,pdsbase:0x90004000,knlbase:0x90014000,currwgid:0
vaddr mem scope is -m0x70000000:0x90015000
src file is object.riscv, run log is written to object.riscv.log
spike -l --log-commits -p1 --isa rv32gcv_zfh --pc=0x80000000 -m0x70000000:0x90015000 --varch vlen:512,elen:32 --gpgpuarch numw:1,numt:16,numwg:1,kernelx:1,kernely:1,kernelz:1,ldssize:0x1000,pdssize:0x10000000,pdsbase:0x90004000,knlbase:0x90014000,currwgid:0 --log=object.riscv.log object.riscv 
Log file object.riscv.log renamed successfully to Fan1_1.log.
notice that ventus hasn't support local buffer as argument yet.
to allocate at 0x90003000 with 4096 bytes 
to copy to 0x90003000 with 20 bytes
to allocate at 0x90004000 with 262144 bytes 
to allocate at 0x90044000 with 4096 bytes 
to copy to 0x90044000 with 64 bytes
arg gpgpu is numw:4,numt:16,numwg:1,kernelx:1,kernely:1,kernelz:1,ldssize:0x1000,pdssize:0x10000000,pdsbase:0x90004000,knlbase:0x90044000,currwgid:0
vaddr mem scope is -m0x70000000:0x90045000
src file is object.riscv, run log is written to object.riscv.log
spike -l --log-commits -p4 --isa rv32gcv_zfh --pc=0x80000000 -m0x70000000:0x90045000 --varch vlen:512,elen:32 --gpgpuarch numw:4,numt:16,numwg:1,kernelx:1,kernely:1,kernelz:1,ldssize:0x1000,pdssize:0x10000000,pdsbase:0x90004000,knlbase:0x90044000,currwgid:0 --log=object.riscv.log object.riscv 
Log file object.riscv.log renamed successfully to Fan2_1.log.
notice that ventus hasn't support local buffer as argument yet.
to allocate at 0x90003000 with 4096 bytes 
to copy to 0x90003000 with 20 bytes
to allocate at 0x90004000 with 65536 bytes 
to allocate at 0x90014000 with 4096 bytes 
to copy to 0x90014000 with 64 bytes
arg gpgpu is numw:1,numt:16,numwg:1,kernelx:1,kernely:1,kernelz:1,lds[2024-05-06 02:29:47.656148624] POCL: in fn void pocl_ventus_run(void *, _cl_command_node *) at line 631:
  *** INFO ***  |    VENTUS |  Allocating kernel arg buffer entry:
Warning: the memory at  [0x90003000, 0x90003013] has been realigned
to the 4 KiB page size: [0x90003000, 0x90003FFF]
[2024-05-06 02:29:47.682926967] POCL: in fn void pocl_ventus_run(void *, _cl_command_node *) at line 687:
  *** INFO ***  |    VENTUS |  Kernel entry of "Fan2" is : "0x8000016c"
[2024-05-06 02:29:48.537672196] POCL: in fn void pocl_ventus_run(void *, _cl_command_node *) at line 720:
  *** INFO ***  |    VENTUS |  Vmem file has been written to object.vmem
[2024-05-06 02:29:48.537947286] POCL: in fn void pocl_ventus_run(void *, _cl_command_node *) at line 774:
  *** INFO ***  |    VENTUS |  Preparing private memory of ventus:
[2024-05-06 02:29:48.537956995] POCL: in fn void pocl_ventus_run(void *, _cl_command_node *) at line 809:
  *** INFO ***  |    VENTUS |  Allocating metadata space:
Warning: the memory at  [0x90044000, 0x9004403F] has been realigned
to the 4 KiB page size: [0x90044000, 0x90044FFF]
[2024-05-06 02:29:48.537967346] POCL: in fn void pocl_ventus_run(void *, _cl_command_node *) at line 819:
  *** INFO ***  |    VENTUS |  kernel metadata has been written to 0x90044000
[2024-05-06 02:29:48.555296336] POCL: in fn void pocl_ventus_run(void *, _cl_command_node *) at line 631:
  *** INFO ***  |    VENTUS |  Allocating kernel arg buffer entry:
Warning: the memory at  [0x90003000, 0x90003013] has been realigned
to the 4 KiB page size: [0x90003000, 0x90003FFF]
[2024-05-06 02:29:48.576981123] POCL: in fn void pocl_ventus_run(void *, _cl_command_node *) at line 687:
  *** INFO ***  |    VENTUS |  Kernel entry of "Fan1" is : "0x800000b8"
[2024-05-06 02:29:49.391873408] POCL: in fn void pocl_ventus_run(void *, _cl_command_node *) at line 720:
  *** INFO ***  |    VENTUS |  Vmem file has been written to object.vmem
[2024-05-06 02:29:49.392060493] POCL: in fn void pocl_ventus_run(void *, _cl_command_node *) at line 774:
  *** INFO ***  |    VENTUS |  Preparing private memory of ventus:
[2024-05-06 02:29:49.392072818] POCL: in fn void pocl_ventus_run(void *, _cl_command_node *) at line 809:
  *** INFO ***  |    VENTUS |  Allocating metadata space:
Warning: the memory at  [0x90014000, 0x9001403F] has been realigned
to the 4 KiB page size: [0x90014000, 0x90014FFF]
[2024-05-06 02:29:49.392081484] POCL: in fn void pocl_ventus_run(void *, _cl_command_node *) at line 819:
  *** INFO ***  |    VENTUS |  kernel metadata has been written to 0x90014000
[2024-05-06 02:29:49.394766200] POCL: in fn void pocl_ventus_run(void *, _cl_command_node *) at line 631:
  *** INFO ***  |    VENTUS |  Allocating kernel arg buffer entry:
Warning: the memory at  [0x90003000, 0x90003013] has been realigned
to the 4 KiB page size: [0x90003000, 0x90003FFF]
[2024-05-06 02:29:49.429702407] POCL: in fn void pocl_ventus_run(void *, _cl_command_node *) at line 687:
  *** INFO ***  |    VENTUS |  Kernel entry of "Fan2" is : "0x8000016c"
[2024-05-06 02:29:50.194894343] POCL: in fn void pocl_ventus_run(void *, _cl_command_node *) at line 720:
  *** INFO ***  |    VENTUS |  Vmem file has been written to object.vmem
[2024-05-06 02:29:50.195067973] POCL: in fn void pocl_ventus_run(void *, _cl_command_node *) at line 774:
  *** INFO ***  |    VENTUS |  Preparing private memory of ventus:
[2024-05-06 02:29:50.195079148] POCL: in fn void pocl_ventus_run(void *, _cl_command_node *) at line 809:
  *** INFO ***  |    VENTUS |  Allocating metadata space:
Warning: the memory at  [0x90044000, 0x9004403F] has been realigned
to the 4 KiB page size: [0x90044000, 0x90044FFF]
[2024-05-06 02:29:50.195088108] POCL: in fn void pocl_ventus_run(void *, _cl_command_node *) at line 819:
  *** INFO ***  |    VENTUS |  kernel metadata has been written to 0x90044000
[2024-05-06 02:29:50.203318259] POCL: in fn void pocl_ventus_run(void *, _cl_command_node *) at line 631:
  *** INFO ***  |    VENTUS |  Allocating kernel arg buffer entry:
Warning: the memory at  [0x90003000, 0x90003013] has been realigned
to the 4 KiB page size: [0x90003000, 0x90003FFF]
[2024-05-06 02:29:50.231621156] POCL: in fn void pocl_ventus_run(void *, _cl_command_node *) at line 687:
  *** INFO ***  |    VENTUS |  Kernel entry of "Fan1" is : "0x800000b8"
[2024-05-06 02:29:51.015298728] POCL: in fn void pocl_ventus_run(void *, _cl_command_node *) at line 720:
  *** INFO ***  |    VENTUS |  Vmem file has been written to object.vmem
[2024-05-06 02:29:51.015480442] POCL: in fn void pocl_ventus_run(void *, _cl_command_node *) at line 774:
  *** INFO ***  |    VENTUS |  Preparing private memory of ventus:
[2024-05-06 02:29:51.015492917] POCL: in fn void pocl_ventus_run(void *, _cl_command_node *) at line 809:
  *** INFO ***  |    VENTUS |  Allocating metadata space:
Warning: the memory at  [0x90014000, 0x9001403F] has been realigned
to the 4 KiB page size: [0x90014000, 0x90014FFF]
[2024-05-06 02:29:51.015502187] POCL: in fn void pocl_ventus_run(void *, _cl_command_node *) at line 819:
  *** INFO ***  |    VENTUS |  kernel metadata has been written to 0x90014000
size:0x1000,pdssize:0x10000000,pdsbase:0x90004000,knlbase:0x90014000,currwgid:0
vaddr mem scope is -m0x70000000:0x90015000
src file is object.riscv, run log is written to object.riscv.log
spike -l --log-commits -p1 --isa rv32gcv_zfh --pc=0x80000000 -m0x70000000:0x90015000 --varch vlen:512,elen:32 --gpgpuarch numw:1,numt:16,numwg:1,kernelx:1,kernely:1,kernelz:1,ldssize:0x1000,pdssize:0x10000000,pdsbase:0x90004000,knlbase:0x90014000,currwgid:0 --log=object.riscv.log object.riscv 
Log file object.riscv.log renamed successfully to Fan1_2.log.
notice that ventus hasn't support local buffer as argument yet.
to allocate at 0x90003000 with 4096 bytes 
to copy to 0x90003000 with 20 bytes
to allocate at 0x90004000 with 262144 bytes 
to allocate at 0x90044000 with 4096 bytes 
to copy to 0x90044000 with 64 bytes
arg gpgpu is numw:4,numt:16,numwg:1,kernelx:1,kernely:1,kernelz:1,ldssize:0x1000,pdssize:0x10000000,pdsbase:0x90004000,knlbase:0x90044000,currwgid:0
vaddr mem scope is -m0x70000000:0x90045000
src file is object.riscv, run log is written to object.riscv.log
spike -l --log-commits -p4 --isa rv32gcv_zfh --pc=0x80000000 -m0x70000000:0x90045000 --varch vlen:512,elen:32 --gpgpuarch numw:4,numt:16,numwg:1,kernelx:1,kernely:1,kernelz:1,ldssize:0x1000,pdssize:0x10000000,pdsbase:0x90004000,knlbase:0x90044000,currwgid:0 --log=object.riscv.log object.riscv 
Log file object.riscv.log renamed successfully to Fan2_2.log.
notice that ventus hasn't support local buffer as argument yet.
to allocate at 0x90003000 with 4096 bytes 
to copy to 0x90003000 with 20 bytes
to allocate at 0x90004000 with 65536 bytes 
to allocate at 0x90014000 with 4096 bytes 
to copy to 0x90014000 with 64 bytes
arg gpgpu is numw:1,numt:16,numwg:1,kernelx:1,kernely:1,kernelz:1,ldssize:0x1000,pdssize:0x10000000,pdsbase:0x90004000,knlbase:0x90014000,currwgid:0
vaddr mem scope is -m0x70000000:0x90015000
src file is object.riscv, run log is written to object.riscv.log
spike -l --log-commits -p1 --isa rv32gcv_zfh --pc=0x80000000 -m0x70000000:0x90015000 --varch vlen:512,elen:32 --gpgpuarch numw:1,numt:16,numwg:1,kernelx:1,kernely:1,kernelz:1,ldssize:0x1000,pdssize:0x10000000,pdsbase:0x90004000,knlbase:0x90014000,currwgid:0 --log=object.riscv.log object.riscv 
Log file object.riscv.log renamed successfully to Fan1_3.log.
notice that ventus hasn't support local buffer as argument yet.
to allocate at 0x90003000 with 4096 bytes 
to copy to 0x90003000 with 20 bytes
to allocate at 0x90004000 with 262144 bytes 
to allocate at 0x90044000 with 4096 bytes 
to copy to 0x90044000 with 64 bytes
arg gpgpu is numw:4,numt:16,numwg:1,kernelx:1,kernely:1,kernelz:1,ldssize:0x1000,pdssize:0x10000000,pdsbase:0x90004000,knlbase:0x90044000,currwgid:0
vaddr mem scope is -m0x70000000:0x90045000
src file is object.riscv, run log is written to object.riscv.log
spike -l --log-commits -p4 --isa rv32gcv_zfh --pc=0x80000000 -m0x70000000:0x90045000 --varch vlen:512,elen:32 --gpgpuarch numw:4,numt:16,numwg:1,kernelx:1,kernely:1,kernelz:1,ldssize:0x1000,pdssize:0x10000000,pdsbase:0x90004000,knlbase:0x90044000,currwgid:0 --log=object.riscv.log object.riscv 
Log file object.riscv.log renamed successfully to Fan2_3.log.
notice that ventus hasn't support local buffer as argument yet.
to allocate at 0x90003000 with 4096 bytes 
to copy to 0x90003000 with 20 bytes
to allocate at 0x90004000 with 65536 bytes 
to allocate at 0x90014000 with 4096 bytes 
to copy to 0x90014000 with 64 bytes
arg gpgpu is numw:1,numt:16,numwg:1,kernelx:1,kernely:1,kernelz:1,ldssize:0x1000,pdssize:0x10000000,pdsbase:0x90004000,knlbase:0x90014000,currwgid:0
vaddr mem scope is -m0x70000000:0x90015000
src file is object.riscv, run log is written to object.riscv.log
spike -l --log-commits -p1 --isa rv32gcv_zfh --pc=0x80000000 -m0x70000000:0x90015000 --varch vlen:512,elen:32 --gpgpuarch numw:1,numt:16,numwg:1,kernelx:1,kernely:1,kernelz:1,ldssize:0x1000,pdssize:0x10000000,pdsbase:0x90004000,knlbase:0x90014000,currwgid:0 --log=object.riscv.log object.riscv 
Log file object.riscv.log renamed successfully to Fan1_4.log.
notice that ventus hasn't sup[2024-05-06 02:29:51.017922763] POCL: in fn void pocl_ventus_run(void *, _cl_command_node *) at line 631:
  *** INFO ***  |    VENTUS |  Allocating kernel arg buffer entry:
Warning: the memory at  [0x90003000, 0x90003013] has been realigned
to the 4 KiB page size: [0x90003000, 0x90003FFF]
[2024-05-06 02:29:51.052143454] POCL: in fn void pocl_ventus_run(void *, _cl_command_node *) at line 687:
  *** INFO ***  |    VENTUS |  Kernel entry of "Fan2" is : "0x8000016c"
[2024-05-06 02:29:51.843159513] POCL: in fn void pocl_ventus_run(void *, _cl_command_node *) at line 720:
  *** INFO ***  |    VENTUS |  Vmem file has been written to object.vmem
[2024-05-06 02:29:51.843345854] POCL: in fn void pocl_ventus_run(void *, _cl_command_node *) at line 774:
  *** INFO ***  |    VENTUS |  Preparing private memory of ventus:
[2024-05-06 02:29:51.843357837] POCL: in fn void pocl_ventus_run(void *, _cl_command_node *) at line 809:
  *** INFO ***  |    VENTUS |  Allocating metadata space:
Warning: the memory at  [0x90044000, 0x9004403F] has been realigned
to the 4 KiB page size: [0x90044000, 0x90044FFF]
[2024-05-06 02:29:51.843366701] POCL: in fn void pocl_ventus_run(void *, _cl_command_node *) at line 819:
  *** INFO ***  |    VENTUS |  kernel metadata has been written to 0x90044000
[2024-05-06 02:29:51.854593223] POCL: in fn void pocl_ventus_run(void *, _cl_command_node *) at line 631:
  *** INFO ***  |    VENTUS |  Allocating kernel arg buffer entry:
Warning: the memory at  [0x90003000, 0x90003013] has been realigned
to the 4 KiB page size: [0x90003000, 0x90003FFF]
[2024-05-06 02:29:51.881287080] POCL: in fn void pocl_ventus_run(void *, _cl_command_node *) at line 687:
  *** INFO ***  |    VENTUS |  Kernel entry of "Fan1" is : "0x800000b8"
[2024-05-06 02:29:52.685333074] POCL: in fn void pocl_ventus_run(void *, _cl_command_node *) at line 720:
  *** INFO ***  |    VENTUS |  Vmem file has been written to object.vmem
[2024-05-06 02:29:52.685527676] POCL: in fn void pocl_ventus_run(void *, _cl_command_node *) at line 774:
  *** INFO ***  |    VENTUS |  Preparing private memory of ventus:
[2024-05-06 02:29:52.685535164] POCL: in fn void pocl_ventus_run(void *, _cl_command_node *) at line 809:
  *** INFO ***  |    VENTUS |  Allocating metadata space:
Warning: the memory at  [0x90014000, 0x9001403F] has been realigned
to the 4 KiB page size: [0x90014000, 0x90014FFF]
[2024-05-06 02:29:52.685544199] POCL: in fn void pocl_ventus_run(void *, _cl_command_node *) at line 819:
  *** INFO ***  |    VENTUS |  kernel metadata has been written to 0x90014000
[2024-05-06 02:29:52.687932116] POCL: in fn void pocl_ventus_run(void *, _cl_command_node *) at line 631:
  *** INFO ***  |    VENTUS |  Allocating kernel arg buffer entry:
Warning: the memory at  [0x90003000, 0x90003013] has been realigned
to the 4 KiB page size: [0x90003000, 0x90003FFF]
[2024-05-06 02:29:52.721563122] POCL: in fn void pocl_ventus_run(void *, _cl_command_node *) at line 687:
  *** INFO ***  |    VENTUS |  Kernel entry of "Fan2" is : "0x8000016c"
[2024-05-06 02:29:53.515647790] POCL: in fn void pocl_ventus_run(void *, _cl_command_node *) at line 720:
  *** INFO ***  |    VENTUS |  Vmem file has been written to object.vmem
[2024-05-06 02:29:53.515835521] POCL: in fn void pocl_ventus_run(void *, _cl_command_node *) at line 774:
  *** INFO ***  |    VENTUS |  Preparing private memory of ventus:
[2024-05-06 02:29:53.515855400] POCL: in fn void pocl_ventus_run(void *, _cl_command_node *) at line 809:
  *** INFO ***  |    VENTUS |  Allocating metadata space:
Warning: the memory at  [0x90044000, 0x9004403F] has been realigned
to the 4 KiB page size: [0x90044000, 0x90044FFF]
[2024-05-06 02:29:53.515864236] POCL: in fn void pocl_ventus_run(void *, _cl_command_node *) at line 819:
  *** INFO ***  |    VENTUS |  kernel metadata has been written to 0x90044000
[2024-05-06 02:29:53.525673510] POCL: in fn void pocl_ventus_run(void *, _cl_command_node *) at line 631:
  *** INFO ***  |    VENTUS |  Allocating kernel arg buffer entry:
Warning: the memory at  [0x90003000, 0x90003013] has been realigned
to the 4 KiB page size: [0x90003000, 0x90003FFF]
[2024-05-06 02:29:53.546007641] POCL: in fn void pocl_ventus_run(void *, _cl_command_node *) at line 687:
  *** INFO ***  |    VENTUS |  Kernel entry of "Fan1" is : "0x800000b8"
[2024-05-06 02:29:54.311242588] POCL: in fn void pocl_ventus_run(void *, _cl_command_node *) at line 720:
  *** INFO ***  |    VENTUS |  Vmem file has been written to object.vmem
[2024-05-06 02:29:54.311420423] POCL: in fn void pocl_ventus_run(void *, _cl_command_node *) at line 774:
  *** INFO ***  |    VENTUS |  Preparing private memory of ventus:
[2024-05-06 02:29:54.311431753] POCL: in fn void pocl_ventus_run(void *, _cl_command_node *) at line 809:
  *** INFO ***  |    VENTUS |  Allocating metadata space:
Warning: the memory at  [0x90014000, 0x9001403F] has been realigned
to the 4 KiB page size: [0x90014000, 0x90014FFF]
[2024-05-06 02:29:54.311440422] POCL: in fn void pocl_ventus_run(void *, _cl_command_node *) at line 819:
  *** INFO ***  |    VENTUS |  kernel metadata has been written to 0x90014000
[2024-05-06 02:29:54.313881227] POCL: in fn void pocl_ventus_run(void *, _cl_command_node *) at line 631:
  *** INFO ***  |    VENTUS |  Allocating kernel arg buffer entry:
Warning: the memory at  [0x90003000, 0x90003013] has been realigned
to the 4 KiB page size: [0x90003000, 0x90003FFF]
[2024-05-06 02:29:54.344645004] POCL: in fn void pocl_ventus_run(void *, _cl_command_node *) at line 687:
  *** INFO ***  |    VENTUS |  Kernel entry of "Fan2" is : "0x8000016c"
[2024-05-06 02:29:55.130802656] POCL: in fn void pocl_ventus_run(void *, _cl_command_node *) at line 720:
  *** INFO ***  |    VENTUS |  Vmem file has been written to object.vmem
[2024-05-06 02:29:55.131001740] POCL: in fn void pocl_ventus_run(void *, _cl_command_node *) at line 774:
  *** INFO ***  |    VENTUS |  Preparing private memory of ventus:
[2024-05-06 02:29:55.131010520] POCL: in fn void pocl_ventus_run(void *, _cl_command_node *) at line 809:
  *** INFO ***  |    VENTUS |  Allocating metadata space:
Warning: the memory at  [0x90044000, 0x9004403F] has been realigned
to the 4 KiB page size: [0x90044000, 0x90044FFF]
[2024-05-06 02:29:55.131019265] POCL: in fn void pocl_ventus_run(void *, _cl_command_node *) at line 819:
  *** INFO ***  |    VENTUS |  kernel metadata has been written to 0x90044000
port local buffer as argument yet.
to allocate at 0x90003000 with 4096 bytes 
to copy to 0x90003000 with 20 bytes
to allocate at 0x90004000 with 262144 bytes 
to allocate at 0x90044000 with 4096 bytes 
to copy to 0x90044000 with 64 bytes
arg gpgpu is numw:4,numt:16,numwg:1,kernelx:1,kernely:1,kernelz:1,ldssize:0x1000,pdssize:0x10000000,pdsbase:0x90004000,knlbase:0x90044000,currwgid:0
vaddr mem scope is -m0x70000000:0x90045000
src file is object.riscv, run log is written to object.riscv.log
spike -l --log-commits -p4 --isa rv32gcv_zfh --pc=0x80000000 -m0x70000000:0x90045000 --varch vlen:512,elen:32 --gpgpuarch numw:4,numt:16,numwg:1,kernelx:1,kernely:1,kernelz:1,ldssize:0x1000,pdssize:0x10000000,pdsbase:0x90004000,knlbase:0x90044000,currwgid:0 --log=object.riscv.log object.riscv 
Log file object.riscv.log renamed successfully to Fan2_4.log.
notice that ventus hasn't support local buffer as argument yet.
to allocate at 0x90003000 with 4096 bytes 
to copy to 0x90003000 with 20 bytes
to allocate at 0x90004000 with 65536 bytes 
to allocate at 0x90014000 with 4096 bytes 
to copy to 0x90014000 with 64 bytes
arg gpgpu is numw:1,numt:16,numwg:1,kernelx:1,kernely:1,kernelz:1,ldssize:0x1000,pdssize:0x10000000,pdsbase:0x90004000,knlbase:0x90014000,currwgid:0
vaddr mem scope is -m0x70000000:0x90015000
src file is object.riscv, run log is written to object.riscv.log
spike -l --log-commits -p1 --isa rv32gcv_zfh --pc=0x80000000 -m0x70000000:0x90015000 --varch vlen:512,elen:32 --gpgpuarch numw:1,numt:16,numwg:1,kernelx:1,kernely:1,kernelz:1,ldssize:0x1000,pdssize:0x10000000,pdsbase:0x90004000,knlbase:0x90014000,currwgid:0 --log=object.riscv.log object.riscv 
Log file object.riscv.log renamed successfully to Fan1_5.log.
notice that ventus hasn't support local buffer as argument yet.
to allocate at 0x90003000 with 4096 bytes 
to copy to 0x90003000 with 20 bytes
to allocate at 0x90004000 with 262144 bytes 
to allocate at 0x90044000 with 4096 bytes 
to copy to 0x90044000 with 64 bytes
arg gpgpu is numw:4,numt:16,numwg:1,kernelx:1,kernely:1,kernelz:1,ldssize:0x1000,pdssize:0x10000000,pdsbase:0x90004000,knlbase:0x90044000,currwgid:0
vaddr mem scope is -m0x70000000:0x90045000
src file is object.riscv, run log is written to object.riscv.log
spike -l --log-commits -p4 --isa rv32gcv_zfh --pc=0x80000000 -m0x70000000:0x90045000 --varch vlen:512,elen:32 --gpgpuarch numw:4,numt:16,numwg:1,kernelx:1,kernely:1,kernelz:1,ldssize:0x1000,pdssize:0x10000000,pdsbase:0x90004000,knlbase:0x90044000,currwgid:0 --log=object.riscv.log object.riscv 
Log file object.riscv.log renamed successfully to Fan2_5.log.
notice that ventus hasn't support local buffer as argument yet.
to allocate at 0x90003000 with 4096 bytes 
to copy to 0x90003000 with 20 bytes
to allocate at 0x90004000 with 65536 bytes 
to allocate at 0x90014000 with 4096 bytes 
to copy to 0x90014000 with 64 bytes
arg gpgpu is numw:1,numt:16,numwg:1,kernelx:1,kernely:1,kernelz:1,ldssize:0x1000,pdssize:0x10000000,pdsbase:0x90004000,knlbase:0x90014000,currwgid:0
vaddr mem scope is -m0x70000000:0x90015000
src file is object.riscv, run log is written to object.riscv.log
spike -l --log-commits -p1 --isa rv32gcv_zfh --pc=0x80000000 -m0x70000000:0x90015000 --varch vlen:512,elen:32 --gpgpuarch numw:1,numt:16,numwg:1,kernelx:1,kernely:1,kernelz:1,ldssize:0x1000,pdssize:0x10000000,pdsbase:0x90004000,knlbase:0x90014000,currwgid:0 --log=object.riscv.log object.riscv 
Log file object.riscv.log renamed successfully to Fan1_6.log.
notice that ventus hasn't support local buffer as argument yet.
to allocate at 0x90003000 with 4096 bytes 
to copy to 0x90003000 with 20 bytes
to allocate at 0x90004000 with 262144 bytes 
to allocate at 0x90044000 with 4096 bytes 
to copy to 0x90044000 with 64 bytes
arg gpgpu is numw:4,numt:16,numwg:1,kernelx:1,kernely:1,kernelz:1,ldssize:0x1000,pdssize:0x10000000,pdsbase:0x90004000,knlbase:0x90044000,currwgid:0
vaddr mem scope is -m0x70000000:0x90045000
src file is object.riscv, run log is written to object.riscv.log
spike -l --log-commits -p4 --isa rv32gcv_zfh --pc=0x80000000 -m0x70000000:0x90045000 --varch vlen:512,elen:32 --gpgpuarch numw:4,numt:16,numwg:1,kernelx:1,kernely:1,kernelz:1,ldssize:0x1000,pdssize:0x10000000,pdsbase:0x90004000,knlbase:0x90044000,currwgid:0 --log=object.riscv.log object.riscv 
Log file object.riscv.log renamed successfully to Fan2_6.log.
to copy from 0x90000000 with 256 bytes
to copy from 0x90001000 with 32 bytes
to copy from 0x90002000 with 256 bytes
Matrix Size	Write(s) [size]		Kernel(s)	Read(s)  [size]		Total(s)
8x8      	0.026852 [0.00MB]	11571.982422	0.022985 [0.00MB]	11572.032227

The result of matrix m is: 
0.00e+00 0.00e+00 0.00e+00 0.00e+00 0.00e+00 0.00e+00 0.00e+00 0.00e+00 
1.33e+00 0.00e+00 0.00e+00 0.00e+00 0.00e+00 0.00e+00 0.00e+00 0.00e+00 
-3.33e-01 3.04e-01 0.00e+00 0.00e+00 0.00e+00 0.00e+00 0.00e+00 0.00e+00 
1.67e+00 6.96e-01 -3.11e+00 0.00e+00 0.00e+00 0.00e+00 0.00e+00 0.00e+00 
3.33e-01 -1.74e-01 9.79e-01 -1.13e-01 0.00e+00 0.00e+00 0.00e+00 0.00e+00 
-1.67e+00 -2.91e+00 4.45e+00 -1.45e+00 1.85e+00 0.00e+00 0.00e+00 0.00e+00 
-2.00e+00 -2.74e+00 2.34e+00 -3.36e-01 8.95e-01 2.41e+00 0.00e+00 0.00e+00 
1.33e+00 1.52e+00 -2.29e+00 4.48e-01 2.12e-02 -1.78e+00 -6.36e-01 0.00e+00 

The result of matrix a is: 
-3.00e-01 -8.00e-01 -3.00e-01 -2.00e-01 1.00e-01 -7.00e-01 1.00e-01 -7.00e-01 
-1.39e-08 7.67e-01 -6.00e-01 3.67e-01 -6.33e-01 4.33e-01 -3.33e-01 1.33e+00 
3.48e-09 3.11e-09 -6.17e-01 8.22e-01 -4.74e-01 -1.27e+00 3.35e-01 -8.39e-01 
7.95e-09 1.08e-08 -6.00e-08 2.43e+00 -1.20e+00 -2.06e+00 2.10e+00 -1.77e+00 
-3.48e-09 1.77e-09 7.60e-09 -5.82e-09 -8.15e-01 4.15e-01 -5.82e-01 8.75e-02 
-7.95e-09 -3.71e-08 -1.07e-07 4.01e-08 -1.10e-08 1.07e+00 2.83e+00 3.93e+00 
0.00e+00 -6.38e-08 3.91e-08 1.58e-08 -7.84e-09 -2.65e-08 -7.00e+00 -5.54e+00 
-1.39e-08 -1.23e-08 -5.34e-08 3.51e-08 -3.85e-10 -5.31e-08 7.02e-08 8.51e-01 

The result of array b is: 
9.40e-01 -1.98e+00 6.27e-01 1.26e+00 -1.11e+00 -3.03e+00 2.77e+00 -4.25e-01 

The final solution is: 
-4.00e-01 2.00e-01 7.00e-01 -3.00e-01 8.00e-01 -1.00e+00 -6.81e-08 -5.00e-01 

Init: 40.001999
MemAlloc: 0.006000
HtoD: 0.026852
Exec: 11571.982422
DtoH: 0.022985
Close: 0.013000
Total: 11915.864258
